{"timestamp":"2026-07-20T05:29:25.162","status":"start","step":1,"name":"SimulationStepEvent","simulation_time":"2019-03-19T00:00:00.0"}
{"timestamp":"2026-07-20T05:29:25.171","model_name":"ED","status":"start","step":1,"name":"ProblemExecutionEvent","simulation_time":"2019-03-19T00:00:00.0"}
{"timestamp":"2026-07-20T05:29:34.289","model_name":"ED","status":"done","step":1,"name":"ProblemExecutionEvent","simulation_time":"2019-03-19T00:00:00.0"}
{"timestamp":"2026-07-20T05:29:34.289","status":"done","step":1,"name":"SimulationStepEvent","simulation_time":"2019-03-19T00:00:00.0"}
{"timestamp":"2026-07-20T05:29:34.289","status":"start","step":2,"name":"SimulationStepEvent","simulation_time":"2019-03-19T00:00:00.0"}
{"timestamp":"2026-07-20T05:29:34.429","model_name":"ED","status":"start","step":2,"name":"ProblemExecutionEvent","simulation_time":"2019-03-19T01:00:00.0"}
{"timestamp":"2026-07-20T05:29:38.878","model_name":"ED","status":"done","step":2,"name":"ProblemExecutionEvent","simulation_time":"2019-03-19T01:00:00.0"}
{"timestamp":"2026-07-20T05:29:38.878","status":"done","step":2,"name":"SimulationStepEvent","simulation_time":"2019-03-19T01:00:00.0"}
{"timestamp":"2026-07-20T05:29:38.878","status":"start","step":3,"name":"SimulationStepEvent","simulation_time":"2019-03-19T01:00:00.0"}
{"timestamp":"2026-07-20T05:29:38.878","model_name":"ED","status":"start","step":3,"name":"ProblemExecutionEvent","simulation_time":"2019-03-19T02:00:00.0"}
{"timestamp":"2026-07-20T05:29:38.985","model_name":"ED","status":"done","step":3,"name":"ProblemExecutionEvent","simulation_time":"2019-03-19T02:00:00.0"}
{"timestamp":"2026-07-20T05:29:38.985","status":"done","step":3,"name":"SimulationStepEvent","simulation_time":"2019-03-19T02:00:00.0"}
{"timestamp":"2026-07-20T05:29:38.986","status":"start","step":4,"name":"SimulationStepEvent","simulation_time":"2019-03-19T02:00:00.0"}
{"timestamp":"2026-07-20T05:29:38.986","model_name":"ED","status":"start","step":4,"name":"ProblemExecutionEvent","simulation_time":"2019-03-19T03:00:00.0"}
{"timestamp":"2026-07-20T05:29:39.083","model_name":"ED","status":"done","step":4,"name":"ProblemExecutionEvent","simulation_time":"2019-03-19T03:00:00.0"}
{"timestamp":"2026-07-20T05:29:39.083","status":"done","step":4,"name":"SimulationStepEvent","simulation_time":"2019-03-19T03:00:00.0"}
{"timestamp":"2026-07-20T05:29:39.083","status":"start","step":5,"name":"SimulationStepEvent","simulation_time":"2019-03-19T03:00:00.0"}
{"timestamp":"2026-07-20T05:29:39.083","model_name":"ED","status":"start","step":5,"name":"ProblemExecutionEvent","simulation_time":"2019-03-19T04:00:00.0"}
{"timestamp":"2026-07-20T05:29:39.183","model_name":"ED","status":"done","step":5,"name":"ProblemExecutionEvent","simulation_time":"2019-03-19T04:00:00.0"}
{"timestamp":"2026-07-20T05:29:39.183","status":"done","step":5,"name":"SimulationStepEvent","simulation_time":"2019-03-19T04:00:00.0"}
{"timestamp":"2026-07-20T05:29:39.183","status":"start","step":6,"name":"SimulationStepEvent","simulation_time":"2019-03-19T04:00:00.0"}
{"timestamp":"2026-07-20T05:29:39.183","model_name":"ED","status":"start","step":6,"name":"ProblemExecutionEvent","simulation_time":"2019-03-19T05:00:00.0"}
{"timestamp":"2026-07-20T05:29:39.286","model_name":"ED","status":"done","step":6,"name":"ProblemExecutionEvent","simulation_time":"2019-03-19T05:00:00.0"}
{"timestamp":"2026-07-20T05:29:39.286","status":"done","step":6,"name":"SimulationStepEvent","simulation_time":"2019-03-19T05:00:00.0"}
{"timestamp":"2026-07-20T05:29:39.286","status":"start","step":7,"name":"SimulationStepEvent","simulation_time":"2019-03-19T05:00:00.0"}
{"timestamp":"2026-07-20T05:29:39.286","model_name":"ED","status":"start","step":7,"name":"ProblemExecutionEvent","simulation_time":"2019-03-19T06:00:00.0"}
{"timestamp":"2026-07-20T05:29:40.24","model_name":"ED","status":"done","step":7,"name":"ProblemExecutionEvent","simulation_time":"2019-03-19T06:00:00.0"}
{"timestamp":"2026-07-20T05:29:40.24","status":"done","step":7,"name":"SimulationStepEvent","simulation_time":"2019-03-19T06:00:00.0"}
{"timestamp":"2026-07-20T05:29:40.24","status":"start","step":8,"name":"SimulationStepEvent","simulation_time":"2019-03-19T06:00:00.0"}
{"timestamp":"2026-07-20T05:29:40.24","model_name":"ED","status":"start","step":8,"name":"ProblemExecutionEvent","simulation_time":"2019-03-19T07:00:00.0"}
{"timestamp":"2026-07-20T05:29:40.335","model_name":"ED","status":"done","step":8,"name":"ProblemExecutionEvent","simulation_time":"2019-03-19T07:00:00.0"}
{"timestamp":"2026-07-20T05:29:40.335","status":"done","step":8,"name":"SimulationStepEvent","simulation_time":"2019-03-19T07:00:00.0"}
{"timestamp":"2026-07-20T05:29:40.335","status":"start","step":9,"name":"SimulationStepEvent","simulation_time":"2019-03-19T07:00:00.0"}
{"timestamp":"2026-07-20T05:29:40.335","model_name":"ED","status":"start","step":9,"name":"ProblemExecutionEvent","simulation_time":"2019-03-19T08:00:00.0"}
{"timestamp":"2026-07-20T05:29:40.43","model_name":"ED","status":"done","step":9,"name":"ProblemExecutionEvent","simulation_time":"2019-03-19T08:00:00.0"}
{"timestamp":"2026-07-20T05:29:40.43","status":"done","step":9,"name":"SimulationStepEvent","simulation_time":"2019-03-19T08:00:00.0"}
{"timestamp":"2026-07-20T05:29:40.43","status":"start","step":10,"name":"SimulationStepEvent","simulation_time":"2019-03-19T08:00:00.0"}
{"timestamp":"2026-07-20T05:29:40.43","model_name":"ED","status":"start","step":10,"name":"ProblemExecutionEvent","simulation_time":"2019-03-19T09:00:00.0"}
{"timestamp":"2026-07-20T05:29:40.525","model_name":"ED","status":"done","step":10,"name":"ProblemExecutionEvent","simulation_time":"2019-03-19T09:00:00.0"}
{"timestamp":"2026-07-20T05:29:40.525","status":"done","step":10,"name":"SimulationStepEvent","simulation_time":"2019-03-19T09:00:00.0"}
{"timestamp":"2026-07-20T05:29:40.525","status":"start","step":11,"name":"SimulationStepEvent","simulation_time":"2019-03-19T09:00:00.0"}
{"timestamp":"2026-07-20T05:29:40.525","model_name":"ED","status":"start","step":11,"name":"ProblemExecutionEvent","simulation_time":"2019-03-19T10:00:00.0"}
{"timestamp":"2026-07-20T05:29:40.619","model_name":"ED","status":"done","step":11,"name":"ProblemExecutionEvent","simulation_time":"2019-03-19T10:00:00.0"}
{"timestamp":"2026-07-20T05:29:40.619","status":"done","step":11,"name":"SimulationStepEvent","simulation_time":"2019-03-19T10:00:00.0"}
{"timestamp":"2026-07-20T05:29:40.619","status":"start","step":12,"name":"SimulationStepEvent","simulation_time":"2019-03-19T10:00:00.0"}
{"timestamp":"2026-07-20T05:29:40.619","model_name":"ED","status":"start","step":12,"name":"ProblemExecutionEvent","simulation_time":"2019-03-19T11:00:00.0"}
{"timestamp":"2026-07-20T05:29:40.717","model_name":"ED","status":"done","step":12,"name":"ProblemExecutionEvent","simulation_time":"2019-03-19T11:00:00.0"}
{"timestamp":"2026-07-20T05:29:40.717","status":"done","step":12,"name":"SimulationStepEvent","simulation_time":"2019-03-19T11:00:00.0"}
{"timestamp":"2026-07-20T05:29:40.717","status":"start","step":13,"name":"SimulationStepEvent","simulation_time":"2019-03-19T11:00:00.0"}
{"timestamp":"2026-07-20T05:29:40.717","model_name":"ED","status":"start","step":13,"name":"ProblemExecutionEvent","simulation_time":"2019-03-19T12:00:00.0"}
{"timestamp":"2026-07-20T05:29:40.812","model_name":"ED","status":"done","step":13,"name":"ProblemExecutionEvent","simulation_time":"2019-03-19T12:00:00.0"}
{"timestamp":"2026-07-20T05:29:40.812","status":"done","step":13,"name":"SimulationStepEvent","simulation_time":"2019-03-19T12:00:00.0"}
{"timestamp":"2026-07-20T05:29:40.812","status":"start","step":14,"name":"SimulationStepEvent","simulation_time":"2019-03-19T12:00:00.0"}
{"timestamp":"2026-07-20T05:29:40.812","model_name":"ED","status":"start","step":14,"name":"ProblemExecutionEvent","simulation_time":"2019-03-19T13:00:00.0"}
{"timestamp":"2026-07-20T05:29:40.909","model_name":"ED","status":"done","step":14,"name":"ProblemExecutionEvent","simulation_time":"2019-03-19T13:00:00.0"}
{"timestamp":"2026-07-20T05:29:40.909","status":"done","step":14,"name":"SimulationStepEvent","simulation_time":"2019-03-19T13:00:00.0"}
{"timestamp":"2026-07-20T05:29:40.909","status":"start","step":15,"name":"SimulationStepEvent","simulation_time":"2019-03-19T13:00:00.0"}
{"timestamp":"2026-07-20T05:29:40.909","model_name":"ED","status":"start","step":15,"name":"ProblemExecutionEvent","simulation_time":"2019-03-19T14:00:00.0"}
{"timestamp":"2026-07-20T05:29:41.004","model_name":"ED","status":"done","step":15,"name":"ProblemExecutionEvent","simulation_time":"2019-03-19T14:00:00.0"}
{"timestamp":"2026-07-20T05:29:41.004","status":"done","step":15,"name":"SimulationStepEvent","simulation_time":"2019-03-19T14:00:00.0"}
{"timestamp":"2026-07-20T05:29:41.004","status":"start","step":16,"name":"SimulationStepEvent","simulation_time":"2019-03-19T14:00:00.0"}
{"timestamp":"2026-07-20T05:29:41.004","model_name":"ED","status":"start","step":16,"name":"ProblemExecutionEvent","simulation_time":"2019-03-19T15:00:00.0"}
{"timestamp":"2026-07-20T05:29:41.103","model_name":"ED","status":"done","step":16,"name":"ProblemExecutionEvent","simulation_time":"2019-03-19T15:00:00.0"}
{"timestamp":"2026-07-20T05:29:41.103","status":"done","step":16,"name":"SimulationStepEvent","simulation_time":"2019-03-19T15:00:00.0"}
{"timestamp":"2026-07-20T05:29:41.103","status":"start","step":17,"name":"SimulationStepEvent","simulation_time":"2019-03-19T15:00:00.0"}
{"timestamp":"2026-07-20T05:29:41.103","model_name":"ED","status":"start","step":17,"name":"ProblemExecutionEvent","simulation_time":"2019-03-19T16:00:00.0"}
{"timestamp":"2026-07-20T05:29:41.198","model_name":"ED","status":"done","step":17,"name":"ProblemExecutionEvent","simulation_time":"2019-03-19T16:00:00.0"}
{"timestamp":"2026-07-20T05:29:41.198","status":"done","step":17,"name":"SimulationStepEvent","simulation_time":"2019-03-19T16:00:00.0"}
{"timestamp":"2026-07-20T05:29:41.198","status":"start","step":18,"name":"SimulationStepEvent","simulation_time":"2019-03-19T16:00:00.0"}
{"timestamp":"2026-07-20T05:29:41.198","model_name":"ED","status":"start","step":18,"name":"ProblemExecutionEvent","simulation_time":"2019-03-19T17:00:00.0"}
{"timestamp":"2026-07-20T05:29:41.303","model_name":"ED","status":"done","step":18,"name":"ProblemExecutionEvent","simulation_time":"2019-03-19T17:00:00.0"}
{"timestamp":"2026-07-20T05:29:41.303","status":"done","step":18,"name":"SimulationStepEvent","simulation_time":"2019-03-19T17:00:00.0"}
{"timestamp":"2026-07-20T05:29:41.303","status":"start","step":19,"name":"SimulationStepEvent","simulation_time":"2019-03-19T17:00:00.0"}
{"timestamp":"2026-07-20T05:29:41.303","model_name":"ED","status":"start","step":19,"name":"ProblemExecutionEvent","simulation_time":"2019-03-19T18:00:00.0"}
{"timestamp":"2026-07-20T05:29:41.405","model_name":"ED","status":"done","step":19,"name":"ProblemExecutionEvent","simulation_time":"2019-03-19T18:00:00.0"}
{"timestamp":"2026-07-20T05:29:41.405","status":"done","step":19,"name":"SimulationStepEvent","simulation_time":"2019-03-19T18:00:00.0"}
{"timestamp":"2026-07-20T05:29:41.405","status":"start","step":20,"name":"SimulationStepEvent","simulation_time":"2019-03-19T18:00:00.0"}
{"timestamp":"2026-07-20T05:29:41.405","model_name":"ED","status":"start","step":20,"name":"ProblemExecutionEvent","simulation_time":"2019-03-19T19:00:00.0"}
{"timestamp":"2026-07-20T05:29:41.509","model_name":"ED","status":"done","step":20,"name":"ProblemExecutionEvent","simulation_time":"2019-03-19T19:00:00.0"}
{"timestamp":"2026-07-20T05:29:41.509","status":"done","step":20,"name":"SimulationStepEvent","simulation_time":"2019-03-19T19:00:00.0"}
{"timestamp":"2026-07-20T05:29:41.509","status":"start","step":21,"name":"SimulationStepEvent","simulation_time":"2019-03-19T19:00:00.0"}
{"timestamp":"2026-07-20T05:29:41.509","model_name":"ED","status":"start","step":21,"name":"ProblemExecutionEvent","simulation_time":"2019-03-19T20:00:00.0"}
{"timestamp":"2026-07-20T05:29:41.607","model_name":"ED","status":"done","step":21,"name":"ProblemExecutionEvent","simulation_time":"2019-03-19T20:00:00.0"}
{"timestamp":"2026-07-20T05:29:41.607","status":"done","step":21,"name":"SimulationStepEvent","simulation_time":"2019-03-19T20:00:00.0"}
{"timestamp":"2026-07-20T05:29:41.607","status":"start","step":22,"name":"SimulationStepEvent","simulation_time":"2019-03-19T20:00:00.0"}
{"timestamp":"2026-07-20T05:29:41.607","model_name":"ED","status":"start","step":22,"name":"ProblemExecutionEvent","simulation_time":"2019-03-19T21:00:00.0"}
{"timestamp":"2026-07-20T05:29:41.705","model_name":"ED","status":"done","step":22,"name":"ProblemExecutionEvent","simulation_time":"2019-03-19T21:00:00.0"}
{"timestamp":"2026-07-20T05:29:41.705","status":"done","step":22,"name":"SimulationStepEvent","simulation_time":"2019-03-19T21:00:00.0"}
{"timestamp":"2026-07-20T05:29:41.705","status":"start","step":23,"name":"SimulationStepEvent","simulation_time":"2019-03-19T21:00:00.0"}
{"timestamp":"2026-07-20T05:29:41.705","model_name":"ED","status":"start","step":23,"name":"ProblemExecutionEvent","simulation_time":"2019-03-19T22:00:00.0"}
{"timestamp":"2026-07-20T05:29:41.805","model_name":"ED","status":"done","step":23,"name":"ProblemExecutionEvent","simulation_time":"2019-03-19T22:00:00.0"}
{"timestamp":"2026-07-20T05:29:41.805","status":"done","step":23,"name":"SimulationStepEvent","simulation_time":"2019-03-19T22:00:00.0"}
{"timestamp":"2026-07-20T05:29:41.805","status":"start","step":24,"name":"SimulationStepEvent","simulation_time":"2019-03-19T22:00:00.0"}
{"timestamp":"2026-07-20T05:29:41.805","model_name":"ED","status":"start","step":24,"name":"ProblemExecutionEvent","simulation_time":"2019-03-19T23:00:00.0"}
{"timestamp":"2026-07-20T05:29:41.902","model_name":"ED","status":"done","step":24,"name":"ProblemExecutionEvent","simulation_time":"2019-03-19T23:00:00.0"}
{"timestamp":"2026-07-20T05:29:41.902","status":"done","step":24,"name":"SimulationStepEvent","simulation_time":"2019-03-19T23:00:00.0"}
{"timestamp":"2026-07-20T05:29:41.902","status":"start","step":25,"name":"SimulationStepEvent","simulation_time":"2019-03-19T23:00:00.0"}
{"timestamp":"2026-07-20T05:29:41.902","model_name":"ED","status":"start","step":25,"name":"ProblemExecutionEvent","simulation_time":"2019-03-20T00:00:00.0"}
{"timestamp":"2026-07-20T05:29:42.0","model_name":"ED","status":"done","step":25,"name":"ProblemExecutionEvent","simulation_time":"2019-03-20T00:00:00.0"}
{"timestamp":"2026-07-20T05:29:42.0","status":"done","step":25,"name":"SimulationStepEvent","simulation_time":"2019-03-20T00:00:00.0"}
{"timestamp":"2026-07-20T05:29:42.0","status":"start","step":26,"name":"SimulationStepEvent","simulation_time":"2019-03-20T00:00:00.0"}
{"timestamp":"2026-07-20T05:29:42.0","model_name":"ED","status":"start","step":26,"name":"ProblemExecutionEvent","simulation_time":"2019-03-20T01:00:00.0"}
{"timestamp":"2026-07-20T05:29:42.096","model_name":"ED","status":"done","step":26,"name":"ProblemExecutionEvent","simulation_time":"2019-03-20T01:00:00.0"}
{"timestamp":"2026-07-20T05:29:42.096","status":"done","step":26,"name":"SimulationStepEvent","simulation_time":"2019-03-20T01:00:00.0"}
{"timestamp":"2026-07-20T05:29:42.096","status":"start","step":27,"name":"SimulationStepEvent","simulation_time":"2019-03-20T01:00:00.0"}
{"timestamp":"2026-07-20T05:29:42.096","model_name":"ED","status":"start","step":27,"name":"ProblemExecutionEvent","simulation_time":"2019-03-20T02:00:00.0"}
{"timestamp":"2026-07-20T05:29:42.196","model_name":"ED","status":"done","step":27,"name":"ProblemExecutionEvent","simulation_time":"2019-03-20T02:00:00.0"}
{"timestamp":"2026-07-20T05:29:42.196","status":"done","step":27,"name":"SimulationStepEvent","simulation_time":"2019-03-20T02:00:00.0"}
{"timestamp":"2026-07-20T05:29:42.196","status":"start","step":28,"name":"SimulationStepEvent","simulation_time":"2019-03-20T02:00:00.0"}
{"timestamp":"2026-07-20T05:29:42.196","model_name":"ED","status":"start","step":28,"name":"ProblemExecutionEvent","simulation_time":"2019-03-20T03:00:00.0"}
{"timestamp":"2026-07-20T05:29:42.294","model_name":"ED","status":"done","step":28,"name":"ProblemExecutionEvent","simulation_time":"2019-03-20T03:00:00.0"}
{"timestamp":"2026-07-20T05:29:42.294","status":"done","step":28,"name":"SimulationStepEvent","simulation_time":"2019-03-20T03:00:00.0"}
{"timestamp":"2026-07-20T05:29:42.294","status":"start","step":29,"name":"SimulationStepEvent","simulation_time":"2019-03-20T03:00:00.0"}
{"timestamp":"2026-07-20T05:29:42.294","model_name":"ED","status":"start","step":29,"name":"ProblemExecutionEvent","simulation_time":"2019-03-20T04:00:00.0"}
{"timestamp":"2026-07-20T05:29:42.391","model_name":"ED","status":"done","step":29,"name":"ProblemExecutionEvent","simulation_time":"2019-03-20T04:00:00.0"}
{"timestamp":"2026-07-20T05:29:42.391","status":"done","step":29,"name":"SimulationStepEvent","simulation_time":"2019-03-20T04:00:00.0"}
{"timestamp":"2026-07-20T05:29:42.392","status":"start","step":30,"name":"SimulationStepEvent","simulation_time":"2019-03-20T04:00:00.0"}
{"timestamp":"2026-07-20T05:29:42.392","model_name":"ED","status":"start","step":30,"name":"ProblemExecutionEvent","simulation_time":"2019-03-20T05:00:00.0"}
{"timestamp":"2026-07-20T05:29:42.49","model_name":"ED","status":"done","step":30,"name":"ProblemExecutionEvent","simulation_time":"2019-03-20T05:00:00.0"}
{"timestamp":"2026-07-20T05:29:42.49","status":"done","step":30,"name":"SimulationStepEvent","simulation_time":"2019-03-20T05:00:00.0"}
{"timestamp":"2026-07-20T05:29:42.49","status":"start","step":31,"name":"SimulationStepEvent","simulation_time":"2019-03-20T05:00:00.0"}
{"timestamp":"2026-07-20T05:29:42.49","model_name":"ED","status":"start","step":31,"name":"ProblemExecutionEvent","simulation_time":"2019-03-20T06:00:00.0"}
{"timestamp":"2026-07-20T05:29:42.59","model_name":"ED","status":"done","step":31,"name":"ProblemExecutionEvent","simulation_time":"2019-03-20T06:00:00.0"}
{"timestamp":"2026-07-20T05:29:42.59","status":"done","step":31,"name":"SimulationStepEvent","simulation_time":"2019-03-20T06:00:00.0"}
{"timestamp":"2026-07-20T05:29:42.59","status":"start","step":32,"name":"SimulationStepEvent","simulation_time":"2019-03-20T06:00:00.0"}
{"timestamp":"2026-07-20T05:29:42.59","model_name":"ED","status":"start","step":32,"name":"ProblemExecutionEvent","simulation_time":"2019-03-20T07:00:00.0"}
{"timestamp":"2026-07-20T05:29:42.689","model_name":"ED","status":"done","step":32,"name":"ProblemExecutionEvent","simulation_time":"2019-03-20T07:00:00.0"}
{"timestamp":"2026-07-20T05:29:42.689","status":"done","step":32,"name":"SimulationStepEvent","simulation_time":"2019-03-20T07:00:00.0"}
{"timestamp":"2026-07-20T05:29:42.689","status":"start","step":33,"name":"SimulationStepEvent","simulation_time":"2019-03-20T07:00:00.0"}
{"timestamp":"2026-07-20T05:29:42.689","model_name":"ED","status":"start","step":33,"name":"ProblemExecutionEvent","simulation_time":"2019-03-20T08:00:00.0"}
{"timestamp":"2026-07-20T05:29:42.794","model_name":"ED","status":"done","step":33,"name":"ProblemExecutionEvent","simulation_time":"2019-03-20T08:00:00.0"}
{"timestamp":"2026-07-20T05:29:42.794","status":"done","step":33,"name":"SimulationStepEvent","simulation_time":"2019-03-20T08:00:00.0"}
{"timestamp":"2026-07-20T05:29:42.794","status":"start","step":34,"name":"SimulationStepEvent","simulation_time":"2019-03-20T08:00:00.0"}
{"timestamp":"2026-07-20T05:29:42.794","model_name":"ED","status":"start","step":34,"name":"ProblemExecutionEvent","simulation_time":"2019-03-20T09:00:00.0"}
{"timestamp":"2026-07-20T05:29:42.893","model_name":"ED","status":"done","step":34,"name":"ProblemExecutionEvent","simulation_time":"2019-03-20T09:00:00.0"}
{"timestamp":"2026-07-20T05:29:42.893","status":"done","step":34,"name":"SimulationStepEvent","simulation_time":"2019-03-20T09:00:00.0"}
{"timestamp":"2026-07-20T05:29:42.893","status":"start","step":35,"name":"SimulationStepEvent","simulation_time":"2019-03-20T09:00:00.0"}
{"timestamp":"2026-07-20T05:29:42.893","model_name":"ED","status":"start","step":35,"name":"ProblemExecutionEvent","simulation_time":"2019-03-20T10:00:00.0"}
{"timestamp":"2026-07-20T05:29:42.99","model_name":"ED","status":"done","step":35,"name":"ProblemExecutionEvent","simulation_time":"2019-03-20T10:00:00.0"}
{"timestamp":"2026-07-20T05:29:42.99","status":"done","step":35,"name":"SimulationStepEvent","simulation_time":"2019-03-20T10:00:00.0"}
{"timestamp":"2026-07-20T05:29:42.99","status":"start","step":36,"name":"SimulationStepEvent","simulation_time":"2019-03-20T10:00:00.0"}
{"timestamp":"2026-07-20T05:29:42.99","model_name":"ED","status":"start","step":36,"name":"ProblemExecutionEvent","simulation_time":"2019-03-20T11:00:00.0"}
{"timestamp":"2026-07-20T05:29:43.087","model_name":"ED","status":"done","step":36,"name":"ProblemExecutionEvent","simulation_time":"2019-03-20T11:00:00.0"}
{"timestamp":"2026-07-20T05:29:43.087","status":"done","step":36,"name":"SimulationStepEvent","simulation_time":"2019-03-20T11:00:00.0"}
{"timestamp":"2026-07-20T05:29:43.087","status":"start","step":37,"name":"SimulationStepEvent","simulation_time":"2019-03-20T11:00:00.0"}
{"timestamp":"2026-07-20T05:29:43.087","model_name":"ED","status":"start","step":37,"name":"ProblemExecutionEvent","simulation_time":"2019-03-20T12:00:00.0"}
{"timestamp":"2026-07-20T05:29:43.307","model_name":"ED","status":"done","step":37,"name":"ProblemExecutionEvent","simulation_time":"2019-03-20T12:00:00.0"}
{"timestamp":"2026-07-20T05:29:43.307","status":"done","step":37,"name":"SimulationStepEvent","simulation_time":"2019-03-20T12:00:00.0"}
{"timestamp":"2026-07-20T05:29:43.307","status":"start","step":38,"name":"SimulationStepEvent","simulation_time":"2019-03-20T12:00:00.0"}
{"timestamp":"2026-07-20T05:29:43.307","model_name":"ED","status":"start","step":38,"name":"ProblemExecutionEvent","simulation_time":"2019-03-20T13:00:00.0"}
{"timestamp":"2026-07-20T05:29:43.401","model_name":"ED","status":"done","step":38,"name":"ProblemExecutionEvent","simulation_time":"2019-03-20T13:00:00.0"}
{"timestamp":"2026-07-20T05:29:43.401","status":"done","step":38,"name":"SimulationStepEvent","simulation_time":"2019-03-20T13:00:00.0"}
{"timestamp":"2026-07-20T05:29:43.401","status":"start","step":39,"name":"SimulationStepEvent","simulation_time":"2019-03-20T13:00:00.0"}
{"timestamp":"2026-07-20T05:29:43.401","model_name":"ED","status":"start","step":39,"name":"ProblemExecutionEvent","simulation_time":"2019-03-20T14:00:00.0"}
{"timestamp":"2026-07-20T05:29:43.496","model_name":"ED","status":"done","step":39,"name":"ProblemExecutionEvent","simulation_time":"2019-03-20T14:00:00.0"}
{"timestamp":"2026-07-20T05:29:43.496","status":"done","step":39,"name":"SimulationStepEvent","simulation_time":"2019-03-20T14:00:00.0"}
{"timestamp":"2026-07-20T05:29:43.496","status":"start","step":40,"name":"SimulationStepEvent","simulation_time":"2019-03-20T14:00:00.0"}
{"timestamp":"2026-07-20T05:29:43.496","model_name":"ED","status":"start","step":40,"name":"ProblemExecutionEvent","simulation_time":"2019-03-20T15:00:00.0"}
{"timestamp":"2026-07-20T05:29:43.595","model_name":"ED","status":"done","step":40,"name":"ProblemExecutionEvent","simulation_time":"2019-03-20T15:00:00.0"}
{"timestamp":"2026-07-20T05:29:43.595","status":"done","step":40,"name":"SimulationStepEvent","simulation_time":"2019-03-20T15:00:00.0"}
{"timestamp":"2026-07-20T05:29:43.595","status":"start","step":41,"name":"SimulationStepEvent","simulation_time":"2019-03-20T15:00:00.0"}
{"timestamp":"2026-07-20T05:29:43.595","model_name":"ED","status":"start","step":41,"name":"ProblemExecutionEvent","simulation_time":"2019-03-20T16:00:00.0"}
{"timestamp":"2026-07-20T05:29:43.69","model_name":"ED","status":"done","step":41,"name":"ProblemExecutionEvent","simulation_time":"2019-03-20T16:00:00.0"}
{"timestamp":"2026-07-20T05:29:43.69","status":"done","step":41,"name":"SimulationStepEvent","simulation_time":"2019-03-20T16:00:00.0"}
{"timestamp":"2026-07-20T05:29:43.69","status":"start","step":42,"name":"SimulationStepEvent","simulation_time":"2019-03-20T16:00:00.0"}
{"timestamp":"2026-07-20T05:29:43.69","model_name":"ED","status":"start","step":42,"name":"ProblemExecutionEvent","simulation_time":"2019-03-20T17:00:00.0"}
{"timestamp":"2026-07-20T05:29:43.79","model_name":"ED","status":"done","step":42,"name":"ProblemExecutionEvent","simulation_time":"2019-03-20T17:00:00.0"}
{"timestamp":"2026-07-20T05:29:43.79","status":"done","step":42,"name":"SimulationStepEvent","simulation_time":"2019-03-20T17:00:00.0"}
{"timestamp":"2026-07-20T05:29:43.79","status":"start","step":43,"name":"SimulationStepEvent","simulation_time":"2019-03-20T17:00:00.0"}
{"timestamp":"2026-07-20T05:29:43.79","model_name":"ED","status":"start","step":43,"name":"ProblemExecutionEvent","simulation_time":"2019-03-20T18:00:00.0"}
{"timestamp":"2026-07-20T05:29:43.889","model_name":"ED","status":"done","step":43,"name":"ProblemExecutionEvent","simulation_time":"2019-03-20T18:00:00.0"}
{"timestamp":"2026-07-20T05:29:43.889","status":"done","step":43,"name":"SimulationStepEvent","simulation_time":"2019-03-20T18:00:00.0"}
{"timestamp":"2026-07-20T05:29:43.889","status":"start","step":44,"name":"SimulationStepEvent","simulation_time":"2019-03-20T18:00:00.0"}
{"timestamp":"2026-07-20T05:29:43.889","model_name":"ED","status":"start","step":44,"name":"ProblemExecutionEvent","simulation_time":"2019-03-20T19:00:00.0"}
{"timestamp":"2026-07-20T05:29:43.989","model_name":"ED","status":"done","step":44,"name":"ProblemExecutionEvent","simulation_time":"2019-03-20T19:00:00.0"}
{"timestamp":"2026-07-20T05:29:43.989","status":"done","step":44,"name":"SimulationStepEvent","simulation_time":"2019-03-20T19:00:00.0"}
{"timestamp":"2026-07-20T05:29:43.989","status":"start","step":45,"name":"SimulationStepEvent","simulation_time":"2019-03-20T19:00:00.0"}
{"timestamp":"2026-07-20T05:29:43.989","model_name":"ED","status":"start","step":45,"name":"ProblemExecutionEvent","simulation_time":"2019-03-20T20:00:00.0"}
{"timestamp":"2026-07-20T05:29:44.088","model_name":"ED","status":"done","step":45,"name":"ProblemExecutionEvent","simulation_time":"2019-03-20T20:00:00.0"}
{"timestamp":"2026-07-20T05:29:44.089","status":"done","step":45,"name":"SimulationStepEvent","simulation_time":"2019-03-20T20:00:00.0"}
{"timestamp":"2026-07-20T05:29:44.089","status":"start","step":46,"name":"SimulationStepEvent","simulation_time":"2019-03-20T20:00:00.0"}
{"timestamp":"2026-07-20T05:29:44.089","model_name":"ED","status":"start","step":46,"name":"ProblemExecutionEvent","simulation_time":"2019-03-20T21:00:00.0"}
{"timestamp":"2026-07-20T05:29:44.188","model_name":"ED","status":"done","step":46,"name":"ProblemExecutionEvent","simulation_time":"2019-03-20T21:00:00.0"}
{"timestamp":"2026-07-20T05:29:44.188","status":"done","step":46,"name":"SimulationStepEvent","simulation_time":"2019-03-20T21:00:00.0"}
{"timestamp":"2026-07-20T05:29:44.188","status":"start","step":47,"name":"SimulationStepEvent","simulation_time":"2019-03-20T21:00:00.0"}
{"timestamp":"2026-07-20T05:29:44.188","model_name":"ED","status":"start","step":47,"name":"ProblemExecutionEvent","simulation_time":"2019-03-20T22:00:00.0"}
{"timestamp":"2026-07-20T05:29:44.286","model_name":"ED","status":"done","step":47,"name":"ProblemExecutionEvent","simulation_time":"2019-03-20T22:00:00.0"}
{"timestamp":"2026-07-20T05:29:44.286","status":"done","step":47,"name":"SimulationStepEvent","simulation_time":"2019-03-20T22:00:00.0"}
{"timestamp":"2026-07-20T05:29:44.286","status":"start","step":48,"name":"SimulationStepEvent","simulation_time":"2019-03-20T22:00:00.0"}
{"timestamp":"2026-07-20T05:29:44.286","model_name":"ED","status":"start","step":48,"name":"ProblemExecutionEvent","simulation_time":"2019-03-20T23:00:00.0"}
{"timestamp":"2026-07-20T05:29:44.384","model_name":"ED","status":"done","step":48,"name":"ProblemExecutionEvent","simulation_time":"2019-03-20T23:00:00.0"}
{"timestamp":"2026-07-20T05:29:44.384","status":"done","step":48,"name":"SimulationStepEvent","simulation_time":"2019-03-20T23:00:00.0"}
{"timestamp":"2026-07-20T05:29:44.384","status":"start","step":49,"name":"SimulationStepEvent","simulation_time":"2019-03-20T23:00:00.0"}
{"timestamp":"2026-07-20T05:29:44.384","model_name":"ED","status":"start","step":49,"name":"ProblemExecutionEvent","simulation_time":"2019-03-21T00:00:00.0"}
{"timestamp":"2026-07-20T05:29:44.479","model_name":"ED","status":"done","step":49,"name":"ProblemExecutionEvent","simulation_time":"2019-03-21T00:00:00.0"}
{"timestamp":"2026-07-20T05:29:44.479","status":"done","step":49,"name":"SimulationStepEvent","simulation_time":"2019-03-21T00:00:00.0"}
{"timestamp":"2026-07-20T05:29:44.479","status":"start","step":50,"name":"SimulationStepEvent","simulation_time":"2019-03-21T00:00:00.0"}
{"timestamp":"2026-07-20T05:29:44.479","model_name":"ED","status":"start","step":50,"name":"ProblemExecutionEvent","simulation_time":"2019-03-21T01:00:00.0"}
{"timestamp":"2026-07-20T05:29:44.578","model_name":"ED","status":"done","step":50,"name":"ProblemExecutionEvent","simulation_time":"2019-03-21T01:00:00.0"}
{"timestamp":"2026-07-20T05:29:44.578","status":"done","step":50,"name":"SimulationStepEvent","simulation_time":"2019-03-21T01:00:00.0"}
{"timestamp":"2026-07-20T05:29:44.579","status":"start","step":51,"name":"SimulationStepEvent","simulation_time":"2019-03-21T01:00:00.0"}
{"timestamp":"2026-07-20T05:29:44.579","model_name":"ED","status":"start","step":51,"name":"ProblemExecutionEvent","simulation_time":"2019-03-21T02:00:00.0"}
{"timestamp":"2026-07-20T05:29:44.673","model_name":"ED","status":"done","step":51,"name":"ProblemExecutionEvent","simulation_time":"2019-03-21T02:00:00.0"}
{"timestamp":"2026-07-20T05:29:44.673","status":"done","step":51,"name":"SimulationStepEvent","simulation_time":"2019-03-21T02:00:00.0"}
{"timestamp":"2026-07-20T05:29:44.673","status":"start","step":52,"name":"SimulationStepEvent","simulation_time":"2019-03-21T02:00:00.0"}
{"timestamp":"2026-07-20T05:29:44.673","model_name":"ED","status":"start","step":52,"name":"ProblemExecutionEvent","simulation_time":"2019-03-21T03:00:00.0"}
{"timestamp":"2026-07-20T05:29:44.768","model_name":"ED","status":"done","step":52,"name":"ProblemExecutionEvent","simulation_time":"2019-03-21T03:00:00.0"}
{"timestamp":"2026-07-20T05:29:44.768","status":"done","step":52,"name":"SimulationStepEvent","simulation_time":"2019-03-21T03:00:00.0"}
{"timestamp":"2026-07-20T05:29:44.768","status":"start","step":53,"name":"SimulationStepEvent","simulation_time":"2019-03-21T03:00:00.0"}
{"timestamp":"2026-07-20T05:29:44.768","model_name":"ED","status":"start","step":53,"name":"ProblemExecutionEvent","simulation_time":"2019-03-21T04:00:00.0"}
{"timestamp":"2026-07-20T05:29:44.866","model_name":"ED","status":"done","step":53,"name":"ProblemExecutionEvent","simulation_time":"2019-03-21T04:00:00.0"}
{"timestamp":"2026-07-20T05:29:44.866","status":"done","step":53,"name":"SimulationStepEvent","simulation_time":"2019-03-21T04:00:00.0"}
{"timestamp":"2026-07-20T05:29:44.866","status":"start","step":54,"name":"SimulationStepEvent","simulation_time":"2019-03-21T04:00:00.0"}
{"timestamp":"2026-07-20T05:29:44.866","model_name":"ED","status":"start","step":54,"name":"ProblemExecutionEvent","simulation_time":"2019-03-21T05:00:00.0"}
{"timestamp":"2026-07-20T05:29:45.175","model_name":"ED","status":"done","step":54,"name":"ProblemExecutionEvent","simulation_time":"2019-03-21T05:00:00.0"}
{"timestamp":"2026-07-20T05:29:45.175","status":"done","step":54,"name":"SimulationStepEvent","simulation_time":"2019-03-21T05:00:00.0"}
{"timestamp":"2026-07-20T05:29:45.175","status":"start","step":55,"name":"SimulationStepEvent","simulation_time":"2019-03-21T05:00:00.0"}
{"timestamp":"2026-07-20T05:29:45.175","model_name":"ED","status":"start","step":55,"name":"ProblemExecutionEvent","simulation_time":"2019-03-21T06:00:00.0"}
{"timestamp":"2026-07-20T05:29:45.274","model_name":"ED","status":"done","step":55,"name":"ProblemExecutionEvent","simulation_time":"2019-03-21T06:00:00.0"}
{"timestamp":"2026-07-20T05:29:45.274","status":"done","step":55,"name":"SimulationStepEvent","simulation_time":"2019-03-21T06:00:00.0"}
{"timestamp":"2026-07-20T05:29:45.274","status":"start","step":56,"name":"SimulationStepEvent","simulation_time":"2019-03-21T06:00:00.0"}
{"timestamp":"2026-07-20T05:29:45.274","model_name":"ED","status":"start","step":56,"name":"ProblemExecutionEvent","simulation_time":"2019-03-21T07:00:00.0"}
{"timestamp":"2026-07-20T05:29:45.37","model_name":"ED","status":"done","step":56,"name":"ProblemExecutionEvent","simulation_time":"2019-03-21T07:00:00.0"}
{"timestamp":"2026-07-20T05:29:45.37","status":"done","step":56,"name":"SimulationStepEvent","simulation_time":"2019-03-21T07:00:00.0"}
{"timestamp":"2026-07-20T05:29:45.37","status":"start","step":57,"name":"SimulationStepEvent","simulation_time":"2019-03-21T07:00:00.0"}
{"timestamp":"2026-07-20T05:29:45.37","model_name":"ED","status":"start","step":57,"name":"ProblemExecutionEvent","simulation_time":"2019-03-21T08:00:00.0"}
{"timestamp":"2026-07-20T05:29:45.466","model_name":"ED","status":"done","step":57,"name":"ProblemExecutionEvent","simulation_time":"2019-03-21T08:00:00.0"}
{"timestamp":"2026-07-20T05:29:45.466","status":"done","step":57,"name":"SimulationStepEvent","simulation_time":"2019-03-21T08:00:00.0"}
{"timestamp":"2026-07-20T05:29:45.466","status":"start","step":58,"name":"SimulationStepEvent","simulation_time":"2019-03-21T08:00:00.0"}
{"timestamp":"2026-07-20T05:29:45.466","model_name":"ED","status":"start","step":58,"name":"ProblemExecutionEvent","simulation_time":"2019-03-21T09:00:00.0"}
{"timestamp":"2026-07-20T05:29:45.561","model_name":"ED","status":"done","step":58,"name":"ProblemExecutionEvent","simulation_time":"2019-03-21T09:00:00.0"}
{"timestamp":"2026-07-20T05:29:45.561","status":"done","step":58,"name":"SimulationStepEvent","simulation_time":"2019-03-21T09:00:00.0"}
{"timestamp":"2026-07-20T05:29:45.561","status":"start","step":59,"name":"SimulationStepEvent","simulation_time":"2019-03-21T09:00:00.0"}
{"timestamp":"2026-07-20T05:29:45.561","model_name":"ED","status":"start","step":59,"name":"ProblemExecutionEvent","simulation_time":"2019-03-21T10:00:00.0"}
{"timestamp":"2026-07-20T05:29:45.657","model_name":"ED","status":"done","step":59,"name":"ProblemExecutionEvent","simulation_time":"2019-03-21T10:00:00.0"}
{"timestamp":"2026-07-20T05:29:45.658","status":"done","step":59,"name":"SimulationStepEvent","simulation_time":"2019-03-21T10:00:00.0"}
{"timestamp":"2026-07-20T05:29:45.658","status":"start","step":60,"name":"SimulationStepEvent","simulation_time":"2019-03-21T10:00:00.0"}
{"timestamp":"2026-07-20T05:29:45.658","model_name":"ED","status":"start","step":60,"name":"ProblemExecutionEvent","simulation_time":"2019-03-21T11:00:00.0"}
{"timestamp":"2026-07-20T05:29:45.753","model_name":"ED","status":"done","step":60,"name":"ProblemExecutionEvent","simulation_time":"2019-03-21T11:00:00.0"}
{"timestamp":"2026-07-20T05:29:45.753","status":"done","step":60,"name":"SimulationStepEvent","simulation_time":"2019-03-21T11:00:00.0"}
{"timestamp":"2026-07-20T05:29:45.753","status":"start","step":61,"name":"SimulationStepEvent","simulation_time":"2019-03-21T11:00:00.0"}
{"timestamp":"2026-07-20T05:29:45.753","model_name":"ED","status":"start","step":61,"name":"ProblemExecutionEvent","simulation_time":"2019-03-21T12:00:00.0"}
{"timestamp":"2026-07-20T05:29:45.851","model_name":"ED","status":"done","step":61,"name":"ProblemExecutionEvent","simulation_time":"2019-03-21T12:00:00.0"}
{"timestamp":"2026-07-20T05:29:45.851","status":"done","step":61,"name":"SimulationStepEvent","simulation_time":"2019-03-21T12:00:00.0"}
{"timestamp":"2026-07-20T05:29:45.851","status":"start","step":62,"name":"SimulationStepEvent","simulation_time":"2019-03-21T12:00:00.0"}
{"timestamp":"2026-07-20T05:29:45.851","model_name":"ED","status":"start","step":62,"name":"ProblemExecutionEvent","simulation_time":"2019-03-21T13:00:00.0"}
{"timestamp":"2026-07-20T05:29:45.945","model_name":"ED","status":"done","step":62,"name":"ProblemExecutionEvent","simulation_time":"2019-03-21T13:00:00.0"}
{"timestamp":"2026-07-20T05:29:45.945","status":"done","step":62,"name":"SimulationStepEvent","simulation_time":"2019-03-21T13:00:00.0"}
{"timestamp":"2026-07-20T05:29:45.945","status":"start","step":63,"name":"SimulationStepEvent","simulation_time":"2019-03-21T13:00:00.0"}
{"timestamp":"2026-07-20T05:29:45.945","model_name":"ED","status":"start","step":63,"name":"ProblemExecutionEvent","simulation_time":"2019-03-21T14:00:00.0"}
{"timestamp":"2026-07-20T05:29:46.041","model_name":"ED","status":"done","step":63,"name":"ProblemExecutionEvent","simulation_time":"2019-03-21T14:00:00.0"}
{"timestamp":"2026-07-20T05:29:46.041","status":"done","step":63,"name":"SimulationStepEvent","simulation_time":"2019-03-21T14:00:00.0"}
{"timestamp":"2026-07-20T05:29:46.041","status":"start","step":64,"name":"SimulationStepEvent","simulation_time":"2019-03-21T14:00:00.0"}
{"timestamp":"2026-07-20T05:29:46.041","model_name":"ED","status":"start","step":64,"name":"ProblemExecutionEvent","simulation_time":"2019-03-21T15:00:00.0"}
{"timestamp":"2026-07-20T05:29:46.135","model_name":"ED","status":"done","step":64,"name":"ProblemExecutionEvent","simulation_time":"2019-03-21T15:00:00.0"}
{"timestamp":"2026-07-20T05:29:46.135","status":"done","step":64,"name":"SimulationStepEvent","simulation_time":"2019-03-21T15:00:00.0"}
{"timestamp":"2026-07-20T05:29:46.135","status":"start","step":65,"name":"SimulationStepEvent","simulation_time":"2019-03-21T15:00:00.0"}
{"timestamp":"2026-07-20T05:29:46.135","model_name":"ED","status":"start","step":65,"name":"ProblemExecutionEvent","simulation_time":"2019-03-21T16:00:00.0"}
{"timestamp":"2026-07-20T05:29:46.232","model_name":"ED","status":"done","step":65,"name":"ProblemExecutionEvent","simulation_time":"2019-03-21T16:00:00.0"}
{"timestamp":"2026-07-20T05:29:46.232","status":"done","step":65,"name":"SimulationStepEvent","simulation_time":"2019-03-21T16:00:00.0"}
{"timestamp":"2026-07-20T05:29:46.232","status":"start","step":66,"name":"SimulationStepEvent","simulation_time":"2019-03-21T16:00:00.0"}
{"timestamp":"2026-07-20T05:29:46.232","model_name":"ED","status":"start","step":66,"name":"ProblemExecutionEvent","simulation_time":"2019-03-21T17:00:00.0"}
{"timestamp":"2026-07-20T05:29:46.33","model_name":"ED","status":"done","step":66,"name":"ProblemExecutionEvent","simulation_time":"2019-03-21T17:00:00.0"}
{"timestamp":"2026-07-20T05:29:46.33","status":"done","step":66,"name":"SimulationStepEvent","simulation_time":"2019-03-21T17:00:00.0"}
{"timestamp":"2026-07-20T05:29:46.33","status":"start","step":67,"name":"SimulationStepEvent","simulation_time":"2019-03-21T17:00:00.0"}
{"timestamp":"2026-07-20T05:29:46.33","model_name":"ED","status":"start","step":67,"name":"ProblemExecutionEvent","simulation_time":"2019-03-21T18:00:00.0"}
{"timestamp":"2026-07-20T05:29:46.509","model_name":"ED","status":"done","step":67,"name":"ProblemExecutionEvent","simulation_time":"2019-03-21T18:00:00.0"}
{"timestamp":"2026-07-20T05:29:46.509","status":"done","step":67,"name":"SimulationStepEvent","simulation_time":"2019-03-21T18:00:00.0"}
{"timestamp":"2026-07-20T05:29:46.509","status":"start","step":68,"name":"SimulationStepEvent","simulation_time":"2019-03-21T18:00:00.0"}
{"timestamp":"2026-07-20T05:29:46.509","model_name":"ED","status":"start","step":68,"name":"ProblemExecutionEvent","simulation_time":"2019-03-21T19:00:00.0"}
{"timestamp":"2026-07-20T05:29:46.609","model_name":"ED","status":"done","step":68,"name":"ProblemExecutionEvent","simulation_time":"2019-03-21T19:00:00.0"}
{"timestamp":"2026-07-20T05:29:46.609","status":"done","step":68,"name":"SimulationStepEvent","simulation_time":"2019-03-21T19:00:00.0"}
{"timestamp":"2026-07-20T05:29:46.609","status":"start","step":69,"name":"SimulationStepEvent","simulation_time":"2019-03-21T19:00:00.0"}
{"timestamp":"2026-07-20T05:29:46.609","model_name":"ED","status":"start","step":69,"name":"ProblemExecutionEvent","simulation_time":"2019-03-21T20:00:00.0"}
{"timestamp":"2026-07-20T05:29:46.711","model_name":"ED","status":"done","step":69,"name":"ProblemExecutionEvent","simulation_time":"2019-03-21T20:00:00.0"}
{"timestamp":"2026-07-20T05:29:46.711","status":"done","step":69,"name":"SimulationStepEvent","simulation_time":"2019-03-21T20:00:00.0"}
{"timestamp":"2026-07-20T05:29:46.711","status":"start","step":70,"name":"SimulationStepEvent","simulation_time":"2019-03-21T20:00:00.0"}
{"timestamp":"2026-07-20T05:29:46.711","model_name":"ED","status":"start","step":70,"name":"ProblemExecutionEvent","simulation_time":"2019-03-21T21:00:00.0"}
{"timestamp":"2026-07-20T05:29:46.808","model_name":"ED","status":"done","step":70,"name":"ProblemExecutionEvent","simulation_time":"2019-03-21T21:00:00.0"}
{"timestamp":"2026-07-20T05:29:46.808","status":"done","step":70,"name":"SimulationStepEvent","simulation_time":"2019-03-21T21:00:00.0"}
{"timestamp":"2026-07-20T05:29:46.808","status":"start","step":71,"name":"SimulationStepEvent","simulation_time":"2019-03-21T21:00:00.0"}
{"timestamp":"2026-07-20T05:29:46.808","model_name":"ED","status":"start","step":71,"name":"ProblemExecutionEvent","simulation_time":"2019-03-21T22:00:00.0"}
{"timestamp":"2026-07-20T05:29:46.903","model_name":"ED","status":"done","step":71,"name":"ProblemExecutionEvent","simulation_time":"2019-03-21T22:00:00.0"}
{"timestamp":"2026-07-20T05:29:46.903","status":"done","step":71,"name":"SimulationStepEvent","simulation_time":"2019-03-21T22:00:00.0"}
{"timestamp":"2026-07-20T05:29:46.903","status":"start","step":72,"name":"SimulationStepEvent","simulation_time":"2019-03-21T22:00:00.0"}
{"timestamp":"2026-07-20T05:29:46.903","model_name":"ED","status":"start","step":72,"name":"ProblemExecutionEvent","simulation_time":"2019-03-21T23:00:00.0"}
{"timestamp":"2026-07-20T05:29:47.001","model_name":"ED","status":"done","step":72,"name":"ProblemExecutionEvent","simulation_time":"2019-03-21T23:00:00.0"}
{"timestamp":"2026-07-20T05:29:47.001","status":"done","step":72,"name":"SimulationStepEvent","simulation_time":"2019-03-21T23:00:00.0"}
{"timestamp":"2026-07-20T05:29:47.001","status":"start","step":73,"name":"SimulationStepEvent","simulation_time":"2019-03-21T23:00:00.0"}
{"timestamp":"2026-07-20T05:29:47.001","model_name":"ED","status":"start","step":73,"name":"ProblemExecutionEvent","simulation_time":"2019-03-22T00:00:00.0"}
{"timestamp":"2026-07-20T05:29:47.096","model_name":"ED","status":"done","step":73,"name":"ProblemExecutionEvent","simulation_time":"2019-03-22T00:00:00.0"}
{"timestamp":"2026-07-20T05:29:47.096","status":"done","step":73,"name":"SimulationStepEvent","simulation_time":"2019-03-22T00:00:00.0"}
{"timestamp":"2026-07-20T05:29:47.096","status":"start","step":74,"name":"SimulationStepEvent","simulation_time":"2019-03-22T00:00:00.0"}
{"timestamp":"2026-07-20T05:29:47.096","model_name":"ED","status":"start","step":74,"name":"ProblemExecutionEvent","simulation_time":"2019-03-22T01:00:00.0"}
{"timestamp":"2026-07-20T05:29:47.194","model_name":"ED","status":"done","step":74,"name":"ProblemExecutionEvent","simulation_time":"2019-03-22T01:00:00.0"}
{"timestamp":"2026-07-20T05:29:47.194","status":"done","step":74,"name":"SimulationStepEvent","simulation_time":"2019-03-22T01:00:00.0"}
{"timestamp":"2026-07-20T05:29:47.194","status":"start","step":75,"name":"SimulationStepEvent","simulation_time":"2019-03-22T01:00:00.0"}
{"timestamp":"2026-07-20T05:29:47.194","model_name":"ED","status":"start","step":75,"name":"ProblemExecutionEvent","simulation_time":"2019-03-22T02:00:00.0"}
{"timestamp":"2026-07-20T05:29:47.288","model_name":"ED","status":"done","step":75,"name":"ProblemExecutionEvent","simulation_time":"2019-03-22T02:00:00.0"}
{"timestamp":"2026-07-20T05:29:47.288","status":"done","step":75,"name":"SimulationStepEvent","simulation_time":"2019-03-22T02:00:00.0"}
{"timestamp":"2026-07-20T05:29:47.288","status":"start","step":76,"name":"SimulationStepEvent","simulation_time":"2019-03-22T02:00:00.0"}
{"timestamp":"2026-07-20T05:29:47.288","model_name":"ED","status":"start","step":76,"name":"ProblemExecutionEvent","simulation_time":"2019-03-22T03:00:00.0"}
{"timestamp":"2026-07-20T05:29:47.386","model_name":"ED","status":"done","step":76,"name":"ProblemExecutionEvent","simulation_time":"2019-03-22T03:00:00.0"}
{"timestamp":"2026-07-20T05:29:47.387","status":"done","step":76,"name":"SimulationStepEvent","simulation_time":"2019-03-22T03:00:00.0"}
{"timestamp":"2026-07-20T05:29:47.387","status":"start","step":77,"name":"SimulationStepEvent","simulation_time":"2019-03-22T03:00:00.0"}
{"timestamp":"2026-07-20T05:29:47.387","model_name":"ED","status":"start","step":77,"name":"ProblemExecutionEvent","simulation_time":"2019-03-22T04:00:00.0"}
{"timestamp":"2026-07-20T05:29:47.482","model_name":"ED","status":"done","step":77,"name":"ProblemExecutionEvent","simulation_time":"2019-03-22T04:00:00.0"}
{"timestamp":"2026-07-20T05:29:47.482","status":"done","step":77,"name":"SimulationStepEvent","simulation_time":"2019-03-22T04:00:00.0"}
{"timestamp":"2026-07-20T05:29:47.482","status":"start","step":78,"name":"SimulationStepEvent","simulation_time":"2019-03-22T04:00:00.0"}
{"timestamp":"2026-07-20T05:29:47.482","model_name":"ED","status":"start","step":78,"name":"ProblemExecutionEvent","simulation_time":"2019-03-22T05:00:00.0"}
{"timestamp":"2026-07-20T05:29:47.582","model_name":"ED","status":"done","step":78,"name":"ProblemExecutionEvent","simulation_time":"2019-03-22T05:00:00.0"}
{"timestamp":"2026-07-20T05:29:47.582","status":"done","step":78,"name":"SimulationStepEvent","simulation_time":"2019-03-22T05:00:00.0"}
{"timestamp":"2026-07-20T05:29:47.582","status":"start","step":79,"name":"SimulationStepEvent","simulation_time":"2019-03-22T05:00:00.0"}
{"timestamp":"2026-07-20T05:29:47.582","model_name":"ED","status":"start","step":79,"name":"ProblemExecutionEvent","simulation_time":"2019-03-22T06:00:00.0"}
{"timestamp":"2026-07-20T05:29:47.752","model_name":"ED","status":"done","step":79,"name":"ProblemExecutionEvent","simulation_time":"2019-03-22T06:00:00.0"}
{"timestamp":"2026-07-20T05:29:47.752","status":"done","step":79,"name":"SimulationStepEvent","simulation_time":"2019-03-22T06:00:00.0"}
{"timestamp":"2026-07-20T05:29:47.752","status":"start","step":80,"name":"SimulationStepEvent","simulation_time":"2019-03-22T06:00:00.0"}
{"timestamp":"2026-07-20T05:29:47.752","model_name":"ED","status":"start","step":80,"name":"ProblemExecutionEvent","simulation_time":"2019-03-22T07:00:00.0"}
{"timestamp":"2026-07-20T05:29:47.846","model_name":"ED","status":"done","step":80,"name":"ProblemExecutionEvent","simulation_time":"2019-03-22T07:00:00.0"}
{"timestamp":"2026-07-20T05:29:47.846","status":"done","step":80,"name":"SimulationStepEvent","simulation_time":"2019-03-22T07:00:00.0"}
{"timestamp":"2026-07-20T05:29:47.846","status":"start","step":81,"name":"SimulationStepEvent","simulation_time":"2019-03-22T07:00:00.0"}
{"timestamp":"2026-07-20T05:29:47.846","model_name":"ED","status":"start","step":81,"name":"ProblemExecutionEvent","simulation_time":"2019-03-22T08:00:00.0"}
{"timestamp":"2026-07-20T05:29:47.941","model_name":"ED","status":"done","step":81,"name":"ProblemExecutionEvent","simulation_time":"2019-03-22T08:00:00.0"}
{"timestamp":"2026-07-20T05:29:47.941","status":"done","step":81,"name":"SimulationStepEvent","simulation_time":"2019-03-22T08:00:00.0"}
{"timestamp":"2026-07-20T05:29:47.941","status":"start","step":82,"name":"SimulationStepEvent","simulation_time":"2019-03-22T08:00:00.0"}
{"timestamp":"2026-07-20T05:29:47.941","model_name":"ED","status":"start","step":82,"name":"ProblemExecutionEvent","simulation_time":"2019-03-22T09:00:00.0"}
{"timestamp":"2026-07-20T05:29:48.038","model_name":"ED","status":"done","step":82,"name":"ProblemExecutionEvent","simulation_time":"2019-03-22T09:00:00.0"}
{"timestamp":"2026-07-20T05:29:48.038","status":"done","step":82,"name":"SimulationStepEvent","simulation_time":"2019-03-22T09:00:00.0"}
{"timestamp":"2026-07-20T05:29:48.038","status":"start","step":83,"name":"SimulationStepEvent","simulation_time":"2019-03-22T09:00:00.0"}
{"timestamp":"2026-07-20T05:29:48.038","model_name":"ED","status":"start","step":83,"name":"ProblemExecutionEvent","simulation_time":"2019-03-22T10:00:00.0"}
{"timestamp":"2026-07-20T05:29:48.132","model_name":"ED","status":"done","step":83,"name":"ProblemExecutionEvent","simulation_time":"2019-03-22T10:00:00.0"}
{"timestamp":"2026-07-20T05:29:48.132","status":"done","step":83,"name":"SimulationStepEvent","simulation_time":"2019-03-22T10:00:00.0"}
{"timestamp":"2026-07-20T05:29:48.132","status":"start","step":84,"name":"SimulationStepEvent","simulation_time":"2019-03-22T10:00:00.0"}
{"timestamp":"2026-07-20T05:29:48.132","model_name":"ED","status":"start","step":84,"name":"ProblemExecutionEvent","simulation_time":"2019-03-22T11:00:00.0"}
{"timestamp":"2026-07-20T05:29:48.229","model_name":"ED","status":"done","step":84,"name":"ProblemExecutionEvent","simulation_time":"2019-03-22T11:00:00.0"}
{"timestamp":"2026-07-20T05:29:48.229","status":"done","step":84,"name":"SimulationStepEvent","simulation_time":"2019-03-22T11:00:00.0"}
{"timestamp":"2026-07-20T05:29:48.229","status":"start","step":85,"name":"SimulationStepEvent","simulation_time":"2019-03-22T11:00:00.0"}
{"timestamp":"2026-07-20T05:29:48.229","model_name":"ED","status":"start","step":85,"name":"ProblemExecutionEvent","simulation_time":"2019-03-22T12:00:00.0"}
{"timestamp":"2026-07-20T05:29:48.323","model_name":"ED","status":"done","step":85,"name":"ProblemExecutionEvent","simulation_time":"2019-03-22T12:00:00.0"}
{"timestamp":"2026-07-20T05:29:48.323","status":"done","step":85,"name":"SimulationStepEvent","simulation_time":"2019-03-22T12:00:00.0"}
{"timestamp":"2026-07-20T05:29:48.323","status":"start","step":86,"name":"SimulationStepEvent","simulation_time":"2019-03-22T12:00:00.0"}
{"timestamp":"2026-07-20T05:29:48.323","model_name":"ED","status":"start","step":86,"name":"ProblemExecutionEvent","simulation_time":"2019-03-22T13:00:00.0"}
{"timestamp":"2026-07-20T05:29:48.42","model_name":"ED","status":"done","step":86,"name":"ProblemExecutionEvent","simulation_time":"2019-03-22T13:00:00.0"}
{"timestamp":"2026-07-20T05:29:48.42","status":"done","step":86,"name":"SimulationStepEvent","simulation_time":"2019-03-22T13:00:00.0"}
{"timestamp":"2026-07-20T05:29:48.42","status":"start","step":87,"name":"SimulationStepEvent","simulation_time":"2019-03-22T13:00:00.0"}
{"timestamp":"2026-07-20T05:29:48.42","model_name":"ED","status":"start","step":87,"name":"ProblemExecutionEvent","simulation_time":"2019-03-22T14:00:00.0"}
{"timestamp":"2026-07-20T05:29:48.516","model_name":"ED","status":"done","step":87,"name":"ProblemExecutionEvent","simulation_time":"2019-03-22T14:00:00.0"}
{"timestamp":"2026-07-20T05:29:48.516","status":"done","step":87,"name":"SimulationStepEvent","simulation_time":"2019-03-22T14:00:00.0"}
{"timestamp":"2026-07-20T05:29:48.516","status":"start","step":88,"name":"SimulationStepEvent","simulation_time":"2019-03-22T14:00:00.0"}
{"timestamp":"2026-07-20T05:29:48.516","model_name":"ED","status":"start","step":88,"name":"ProblemExecutionEvent","simulation_time":"2019-03-22T15:00:00.0"}
{"timestamp":"2026-07-20T05:29:48.614","model_name":"ED","status":"done","step":88,"name":"ProblemExecutionEvent","simulation_time":"2019-03-22T15:00:00.0"}
{"timestamp":"2026-07-20T05:29:48.614","status":"done","step":88,"name":"SimulationStepEvent","simulation_time":"2019-03-22T15:00:00.0"}
{"timestamp":"2026-07-20T05:29:48.614","status":"start","step":89,"name":"SimulationStepEvent","simulation_time":"2019-03-22T15:00:00.0"}
{"timestamp":"2026-07-20T05:29:48.614","model_name":"ED","status":"start","step":89,"name":"ProblemExecutionEvent","simulation_time":"2019-03-22T16:00:00.0"}
{"timestamp":"2026-07-20T05:29:48.709","model_name":"ED","status":"done","step":89,"name":"ProblemExecutionEvent","simulation_time":"2019-03-22T16:00:00.0"}
{"timestamp":"2026-07-20T05:29:48.709","status":"done","step":89,"name":"SimulationStepEvent","simulation_time":"2019-03-22T16:00:00.0"}
{"timestamp":"2026-07-20T05:29:48.709","status":"start","step":90,"name":"SimulationStepEvent","simulation_time":"2019-03-22T16:00:00.0"}
{"timestamp":"2026-07-20T05:29:48.709","model_name":"ED","status":"start","step":90,"name":"ProblemExecutionEvent","simulation_time":"2019-03-22T17:00:00.0"}
{"timestamp":"2026-07-20T05:29:48.807","model_name":"ED","status":"done","step":90,"name":"ProblemExecutionEvent","simulation_time":"2019-03-22T17:00:00.0"}
{"timestamp":"2026-07-20T05:29:48.807","status":"done","step":90,"name":"SimulationStepEvent","simulation_time":"2019-03-22T17:00:00.0"}
{"timestamp":"2026-07-20T05:29:48.807","status":"start","step":91,"name":"SimulationStepEvent","simulation_time":"2019-03-22T17:00:00.0"}
{"timestamp":"2026-07-20T05:29:48.807","model_name":"ED","status":"start","step":91,"name":"ProblemExecutionEvent","simulation_time":"2019-03-22T18:00:00.0"}
{"timestamp":"2026-07-20T05:29:48.957","model_name":"ED","status":"done","step":91,"name":"ProblemExecutionEvent","simulation_time":"2019-03-22T18:00:00.0"}
{"timestamp":"2026-07-20T05:29:48.957","status":"done","step":91,"name":"SimulationStepEvent","simulation_time":"2019-03-22T18:00:00.0"}
{"timestamp":"2026-07-20T05:29:48.957","status":"start","step":92,"name":"SimulationStepEvent","simulation_time":"2019-03-22T18:00:00.0"}
{"timestamp":"2026-07-20T05:29:48.957","model_name":"ED","status":"start","step":92,"name":"ProblemExecutionEvent","simulation_time":"2019-03-22T19:00:00.0"}
{"timestamp":"2026-07-20T05:29:49.056","model_name":"ED","status":"done","step":92,"name":"ProblemExecutionEvent","simulation_time":"2019-03-22T19:00:00.0"}
{"timestamp":"2026-07-20T05:29:49.056","status":"done","step":92,"name":"SimulationStepEvent","simulation_time":"2019-03-22T19:00:00.0"}
{"timestamp":"2026-07-20T05:29:49.056","status":"start","step":93,"name":"SimulationStepEvent","simulation_time":"2019-03-22T19:00:00.0"}
{"timestamp":"2026-07-20T05:29:49.056","model_name":"ED","status":"start","step":93,"name":"ProblemExecutionEvent","simulation_time":"2019-03-22T20:00:00.0"}
{"timestamp":"2026-07-20T05:29:49.154","model_name":"ED","status":"done","step":93,"name":"ProblemExecutionEvent","simulation_time":"2019-03-22T20:00:00.0"}
{"timestamp":"2026-07-20T05:29:49.154","status":"done","step":93,"name":"SimulationStepEvent","simulation_time":"2019-03-22T20:00:00.0"}
{"timestamp":"2026-07-20T05:29:49.154","status":"start","step":94,"name":"SimulationStepEvent","simulation_time":"2019-03-22T20:00:00.0"}
{"timestamp":"2026-07-20T05:29:49.154","model_name":"ED","status":"start","step":94,"name":"ProblemExecutionEvent","simulation_time":"2019-03-22T21:00:00.0"}
{"timestamp":"2026-07-20T05:29:49.254","model_name":"ED","status":"done","step":94,"name":"ProblemExecutionEvent","simulation_time":"2019-03-22T21:00:00.0"}
{"timestamp":"2026-07-20T05:29:49.254","status":"done","step":94,"name":"SimulationStepEvent","simulation_time":"2019-03-22T21:00:00.0"}
{"timestamp":"2026-07-20T05:29:49.254","status":"start","step":95,"name":"SimulationStepEvent","simulation_time":"2019-03-22T21:00:00.0"}
{"timestamp":"2026-07-20T05:29:49.254","model_name":"ED","status":"start","step":95,"name":"ProblemExecutionEvent","simulation_time":"2019-03-22T22:00:00.0"}
{"timestamp":"2026-07-20T05:29:49.351","model_name":"ED","status":"done","step":95,"name":"ProblemExecutionEvent","simulation_time":"2019-03-22T22:00:00.0"}
{"timestamp":"2026-07-20T05:29:49.351","status":"done","step":95,"name":"SimulationStepEvent","simulation_time":"2019-03-22T22:00:00.0"}
{"timestamp":"2026-07-20T05:29:49.351","status":"start","step":96,"name":"SimulationStepEvent","simulation_time":"2019-03-22T22:00:00.0"}
{"timestamp":"2026-07-20T05:29:49.351","model_name":"ED","status":"start","step":96,"name":"ProblemExecutionEvent","simulation_time":"2019-03-22T23:00:00.0"}
{"timestamp":"2026-07-20T05:29:49.449","model_name":"ED","status":"done","step":96,"name":"ProblemExecutionEvent","simulation_time":"2019-03-22T23:00:00.0"}
{"timestamp":"2026-07-20T05:29:49.449","status":"done","step":96,"name":"SimulationStepEvent","simulation_time":"2019-03-22T23:00:00.0"}
{"timestamp":"2026-07-20T05:29:49.449","status":"start","step":97,"name":"SimulationStepEvent","simulation_time":"2019-03-22T23:00:00.0"}
{"timestamp":"2026-07-20T05:29:49.449","model_name":"ED","status":"start","step":97,"name":"ProblemExecutionEvent","simulation_time":"2019-03-23T00:00:00.0"}
{"timestamp":"2026-07-20T05:29:49.545","model_name":"ED","status":"done","step":97,"name":"ProblemExecutionEvent","simulation_time":"2019-03-23T00:00:00.0"}
{"timestamp":"2026-07-20T05:29:49.545","status":"done","step":97,"name":"SimulationStepEvent","simulation_time":"2019-03-23T00:00:00.0"}
{"timestamp":"2026-07-20T05:29:49.545","status":"start","step":98,"name":"SimulationStepEvent","simulation_time":"2019-03-23T00:00:00.0"}
{"timestamp":"2026-07-20T05:29:49.545","model_name":"ED","status":"start","step":98,"name":"ProblemExecutionEvent","simulation_time":"2019-03-23T01:00:00.0"}
{"timestamp":"2026-07-20T05:29:49.642","model_name":"ED","status":"done","step":98,"name":"ProblemExecutionEvent","simulation_time":"2019-03-23T01:00:00.0"}
{"timestamp":"2026-07-20T05:29:49.642","status":"done","step":98,"name":"SimulationStepEvent","simulation_time":"2019-03-23T01:00:00.0"}
{"timestamp":"2026-07-20T05:29:49.642","status":"start","step":99,"name":"SimulationStepEvent","simulation_time":"2019-03-23T01:00:00.0"}
{"timestamp":"2026-07-20T05:29:49.642","model_name":"ED","status":"start","step":99,"name":"ProblemExecutionEvent","simulation_time":"2019-03-23T02:00:00.0"}
{"timestamp":"2026-07-20T05:29:49.737","model_name":"ED","status":"done","step":99,"name":"ProblemExecutionEvent","simulation_time":"2019-03-23T02:00:00.0"}
{"timestamp":"2026-07-20T05:29:49.738","status":"done","step":99,"name":"SimulationStepEvent","simulation_time":"2019-03-23T02:00:00.0"}
{"timestamp":"2026-07-20T05:29:49.738","status":"start","step":100,"name":"SimulationStepEvent","simulation_time":"2019-03-23T02:00:00.0"}
{"timestamp":"2026-07-20T05:29:49.738","model_name":"ED","status":"start","step":100,"name":"ProblemExecutionEvent","simulation_time":"2019-03-23T03:00:00.0"}
{"timestamp":"2026-07-20T05:29:49.878","model_name":"ED","status":"done","step":100,"name":"ProblemExecutionEvent","simulation_time":"2019-03-23T03:00:00.0"}
{"timestamp":"2026-07-20T05:29:49.878","status":"done","step":100,"name":"SimulationStepEvent","simulation_time":"2019-03-23T03:00:00.0"}
{"timestamp":"2026-07-20T05:29:49.878","status":"start","step":101,"name":"SimulationStepEvent","simulation_time":"2019-03-23T03:00:00.0"}
{"timestamp":"2026-07-20T05:29:49.878","model_name":"ED","status":"start","step":101,"name":"ProblemExecutionEvent","simulation_time":"2019-03-23T04:00:00.0"}
{"timestamp":"2026-07-20T05:29:49.975","model_name":"ED","status":"done","step":101,"name":"ProblemExecutionEvent","simulation_time":"2019-03-23T04:00:00.0"}
{"timestamp":"2026-07-20T05:29:49.975","status":"done","step":101,"name":"SimulationStepEvent","simulation_time":"2019-03-23T04:00:00.0"}
{"timestamp":"2026-07-20T05:29:49.975","status":"start","step":102,"name":"SimulationStepEvent","simulation_time":"2019-03-23T04:00:00.0"}
{"timestamp":"2026-07-20T05:29:49.975","model_name":"ED","status":"start","step":102,"name":"ProblemExecutionEvent","simulation_time":"2019-03-23T05:00:00.0"}
{"timestamp":"2026-07-20T05:29:50.069","model_name":"ED","status":"done","step":102,"name":"ProblemExecutionEvent","simulation_time":"2019-03-23T05:00:00.0"}
{"timestamp":"2026-07-20T05:29:50.069","status":"done","step":102,"name":"SimulationStepEvent","simulation_time":"2019-03-23T05:00:00.0"}
{"timestamp":"2026-07-20T05:29:50.069","status":"start","step":103,"name":"SimulationStepEvent","simulation_time":"2019-03-23T05:00:00.0"}
{"timestamp":"2026-07-20T05:29:50.069","model_name":"ED","status":"start","step":103,"name":"ProblemExecutionEvent","simulation_time":"2019-03-23T06:00:00.0"}
{"timestamp":"2026-07-20T05:29:50.168","model_name":"ED","status":"done","step":103,"name":"ProblemExecutionEvent","simulation_time":"2019-03-23T06:00:00.0"}
{"timestamp":"2026-07-20T05:29:50.168","status":"done","step":103,"name":"SimulationStepEvent","simulation_time":"2019-03-23T06:00:00.0"}
{"timestamp":"2026-07-20T05:29:50.168","status":"start","step":104,"name":"SimulationStepEvent","simulation_time":"2019-03-23T06:00:00.0"}
{"timestamp":"2026-07-20T05:29:50.168","model_name":"ED","status":"start","step":104,"name":"ProblemExecutionEvent","simulation_time":"2019-03-23T07:00:00.0"}
{"timestamp":"2026-07-20T05:29:50.262","model_name":"ED","status":"done","step":104,"name":"ProblemExecutionEvent","simulation_time":"2019-03-23T07:00:00.0"}
{"timestamp":"2026-07-20T05:29:50.262","status":"done","step":104,"name":"SimulationStepEvent","simulation_time":"2019-03-23T07:00:00.0"}
{"timestamp":"2026-07-20T05:29:50.262","status":"start","step":105,"name":"SimulationStepEvent","simulation_time":"2019-03-23T07:00:00.0"}
{"timestamp":"2026-07-20T05:29:50.262","model_name":"ED","status":"start","step":105,"name":"ProblemExecutionEvent","simulation_time":"2019-03-23T08:00:00.0"}
{"timestamp":"2026-07-20T05:29:50.359","model_name":"ED","status":"done","step":105,"name":"ProblemExecutionEvent","simulation_time":"2019-03-23T08:00:00.0"}
{"timestamp":"2026-07-20T05:29:50.359","status":"done","step":105,"name":"SimulationStepEvent","simulation_time":"2019-03-23T08:00:00.0"}
{"timestamp":"2026-07-20T05:29:50.359","status":"start","step":106,"name":"SimulationStepEvent","simulation_time":"2019-03-23T08:00:00.0"}
{"timestamp":"2026-07-20T05:29:50.359","model_name":"ED","status":"start","step":106,"name":"ProblemExecutionEvent","simulation_time":"2019-03-23T09:00:00.0"}
{"timestamp":"2026-07-20T05:29:50.454","model_name":"ED","status":"done","step":106,"name":"ProblemExecutionEvent","simulation_time":"2019-03-23T09:00:00.0"}
{"timestamp":"2026-07-20T05:29:50.454","status":"done","step":106,"name":"SimulationStepEvent","simulation_time":"2019-03-23T09:00:00.0"}
{"timestamp":"2026-07-20T05:29:50.454","status":"start","step":107,"name":"SimulationStepEvent","simulation_time":"2019-03-23T09:00:00.0"}
{"timestamp":"2026-07-20T05:29:50.454","model_name":"ED","status":"start","step":107,"name":"ProblemExecutionEvent","simulation_time":"2019-03-23T10:00:00.0"}
{"timestamp":"2026-07-20T05:29:50.551","model_name":"ED","status":"done","step":107,"name":"ProblemExecutionEvent","simulation_time":"2019-03-23T10:00:00.0"}
{"timestamp":"2026-07-20T05:29:50.551","status":"done","step":107,"name":"SimulationStepEvent","simulation_time":"2019-03-23T10:00:00.0"}
{"timestamp":"2026-07-20T05:29:50.552","status":"start","step":108,"name":"SimulationStepEvent","simulation_time":"2019-03-23T10:00:00.0"}
{"timestamp":"2026-07-20T05:29:50.552","model_name":"ED","status":"start","step":108,"name":"ProblemExecutionEvent","simulation_time":"2019-03-23T11:00:00.0"}
{"timestamp":"2026-07-20T05:29:50.685","model_name":"ED","status":"done","step":108,"name":"ProblemExecutionEvent","simulation_time":"2019-03-23T11:00:00.0"}
{"timestamp":"2026-07-20T05:29:50.685","status":"done","step":108,"name":"SimulationStepEvent","simulation_time":"2019-03-23T11:00:00.0"}
{"timestamp":"2026-07-20T05:29:50.685","status":"start","step":109,"name":"SimulationStepEvent","simulation_time":"2019-03-23T11:00:00.0"}
{"timestamp":"2026-07-20T05:29:50.685","model_name":"ED","status":"start","step":109,"name":"ProblemExecutionEvent","simulation_time":"2019-03-23T12:00:00.0"}
{"timestamp":"2026-07-20T05:29:50.782","model_name":"ED","status":"done","step":109,"name":"ProblemExecutionEvent","simulation_time":"2019-03-23T12:00:00.0"}
{"timestamp":"2026-07-20T05:29:50.782","status":"done","step":109,"name":"SimulationStepEvent","simulation_time":"2019-03-23T12:00:00.0"}
{"timestamp":"2026-07-20T05:29:50.782","status":"start","step":110,"name":"SimulationStepEvent","simulation_time":"2019-03-23T12:00:00.0"}
{"timestamp":"2026-07-20T05:29:50.782","model_name":"ED","status":"start","step":110,"name":"ProblemExecutionEvent","simulation_time":"2019-03-23T13:00:00.0"}
{"timestamp":"2026-07-20T05:29:50.878","model_name":"ED","status":"done","step":110,"name":"ProblemExecutionEvent","simulation_time":"2019-03-23T13:00:00.0"}
{"timestamp":"2026-07-20T05:29:50.878","status":"done","step":110,"name":"SimulationStepEvent","simulation_time":"2019-03-23T13:00:00.0"}
{"timestamp":"2026-07-20T05:29:50.878","status":"start","step":111,"name":"SimulationStepEvent","simulation_time":"2019-03-23T13:00:00.0"}
{"timestamp":"2026-07-20T05:29:50.878","model_name":"ED","status":"start","step":111,"name":"ProblemExecutionEvent","simulation_time":"2019-03-23T14:00:00.0"}
{"timestamp":"2026-07-20T05:29:50.976","model_name":"ED","status":"done","step":111,"name":"ProblemExecutionEvent","simulation_time":"2019-03-23T14:00:00.0"}
{"timestamp":"2026-07-20T05:29:50.976","status":"done","step":111,"name":"SimulationStepEvent","simulation_time":"2019-03-23T14:00:00.0"}
{"timestamp":"2026-07-20T05:29:50.976","status":"start","step":112,"name":"SimulationStepEvent","simulation_time":"2019-03-23T14:00:00.0"}
{"timestamp":"2026-07-20T05:29:50.976","model_name":"ED","status":"start","step":112,"name":"ProblemExecutionEvent","simulation_time":"2019-03-23T15:00:00.0"}
{"timestamp":"2026-07-20T05:29:51.072","model_name":"ED","status":"done","step":112,"name":"ProblemExecutionEvent","simulation_time":"2019-03-23T15:00:00.0"}
{"timestamp":"2026-07-20T05:29:51.072","status":"done","step":112,"name":"SimulationStepEvent","simulation_time":"2019-03-23T15:00:00.0"}
{"timestamp":"2026-07-20T05:29:51.072","status":"start","step":113,"name":"SimulationStepEvent","simulation_time":"2019-03-23T15:00:00.0"}
{"timestamp":"2026-07-20T05:29:51.072","model_name":"ED","status":"start","step":113,"name":"ProblemExecutionEvent","simulation_time":"2019-03-23T16:00:00.0"}
{"timestamp":"2026-07-20T05:29:51.169","model_name":"ED","status":"done","step":113,"name":"ProblemExecutionEvent","simulation_time":"2019-03-23T16:00:00.0"}
{"timestamp":"2026-07-20T05:29:51.169","status":"done","step":113,"name":"SimulationStepEvent","simulation_time":"2019-03-23T16:00:00.0"}
{"timestamp":"2026-07-20T05:29:51.169","status":"start","step":114,"name":"SimulationStepEvent","simulation_time":"2019-03-23T16:00:00.0"}
{"timestamp":"2026-07-20T05:29:51.169","model_name":"ED","status":"start","step":114,"name":"ProblemExecutionEvent","simulation_time":"2019-03-23T17:00:00.0"}
{"timestamp":"2026-07-20T05:29:51.266","model_name":"ED","status":"done","step":114,"name":"ProblemExecutionEvent","simulation_time":"2019-03-23T17:00:00.0"}
{"timestamp":"2026-07-20T05:29:51.266","status":"done","step":114,"name":"SimulationStepEvent","simulation_time":"2019-03-23T17:00:00.0"}
{"timestamp":"2026-07-20T05:29:51.266","status":"start","step":115,"name":"SimulationStepEvent","simulation_time":"2019-03-23T17:00:00.0"}
{"timestamp":"2026-07-20T05:29:51.266","model_name":"ED","status":"start","step":115,"name":"ProblemExecutionEvent","simulation_time":"2019-03-23T18:00:00.0"}
{"timestamp":"2026-07-20T05:29:51.365","model_name":"ED","status":"done","step":115,"name":"ProblemExecutionEvent","simulation_time":"2019-03-23T18:00:00.0"}
{"timestamp":"2026-07-20T05:29:51.366","status":"done","step":115,"name":"SimulationStepEvent","simulation_time":"2019-03-23T18:00:00.0"}
{"timestamp":"2026-07-20T05:29:51.366","status":"start","step":116,"name":"SimulationStepEvent","simulation_time":"2019-03-23T18:00:00.0"}
{"timestamp":"2026-07-20T05:29:51.366","model_name":"ED","status":"start","step":116,"name":"ProblemExecutionEvent","simulation_time":"2019-03-23T19:00:00.0"}
{"timestamp":"2026-07-20T05:29:51.463","model_name":"ED","status":"done","step":116,"name":"ProblemExecutionEvent","simulation_time":"2019-03-23T19:00:00.0"}
{"timestamp":"2026-07-20T05:29:51.463","status":"done","step":116,"name":"SimulationStepEvent","simulation_time":"2019-03-23T19:00:00.0"}
{"timestamp":"2026-07-20T05:29:51.463","status":"start","step":117,"name":"SimulationStepEvent","simulation_time":"2019-03-23T19:00:00.0"}
{"timestamp":"2026-07-20T05:29:51.463","model_name":"ED","status":"start","step":117,"name":"ProblemExecutionEvent","simulation_time":"2019-03-23T20:00:00.0"}
{"timestamp":"2026-07-20T05:29:51.606","model_name":"ED","status":"done","step":117,"name":"ProblemExecutionEvent","simulation_time":"2019-03-23T20:00:00.0"}
{"timestamp":"2026-07-20T05:29:51.606","status":"done","step":117,"name":"SimulationStepEvent","simulation_time":"2019-03-23T20:00:00.0"}
{"timestamp":"2026-07-20T05:29:51.606","status":"start","step":118,"name":"SimulationStepEvent","simulation_time":"2019-03-23T20:00:00.0"}
{"timestamp":"2026-07-20T05:29:51.606","model_name":"ED","status":"start","step":118,"name":"ProblemExecutionEvent","simulation_time":"2019-03-23T21:00:00.0"}
{"timestamp":"2026-07-20T05:29:51.703","model_name":"ED","status":"done","step":118,"name":"ProblemExecutionEvent","simulation_time":"2019-03-23T21:00:00.0"}
{"timestamp":"2026-07-20T05:29:51.703","status":"done","step":118,"name":"SimulationStepEvent","simulation_time":"2019-03-23T21:00:00.0"}
{"timestamp":"2026-07-20T05:29:51.703","status":"start","step":119,"name":"SimulationStepEvent","simulation_time":"2019-03-23T21:00:00.0"}
{"timestamp":"2026-07-20T05:29:51.703","model_name":"ED","status":"start","step":119,"name":"ProblemExecutionEvent","simulation_time":"2019-03-23T22:00:00.0"}
{"timestamp":"2026-07-20T05:29:51.8","model_name":"ED","status":"done","step":119,"name":"ProblemExecutionEvent","simulation_time":"2019-03-23T22:00:00.0"}
{"timestamp":"2026-07-20T05:29:51.8","status":"done","step":119,"name":"SimulationStepEvent","simulation_time":"2019-03-23T22:00:00.0"}
{"timestamp":"2026-07-20T05:29:51.8","status":"start","step":120,"name":"SimulationStepEvent","simulation_time":"2019-03-23T22:00:00.0"}
{"timestamp":"2026-07-20T05:29:51.8","model_name":"ED","status":"start","step":120,"name":"ProblemExecutionEvent","simulation_time":"2019-03-23T23:00:00.0"}
{"timestamp":"2026-07-20T05:29:51.896","model_name":"ED","status":"done","step":120,"name":"ProblemExecutionEvent","simulation_time":"2019-03-23T23:00:00.0"}
{"timestamp":"2026-07-20T05:29:51.896","status":"done","step":120,"name":"SimulationStepEvent","simulation_time":"2019-03-23T23:00:00.0"}
{"timestamp":"2026-07-20T05:29:51.896","status":"start","step":121,"name":"SimulationStepEvent","simulation_time":"2019-03-23T23:00:00.0"}
{"timestamp":"2026-07-20T05:29:51.896","model_name":"ED","status":"start","step":121,"name":"ProblemExecutionEvent","simulation_time":"2019-03-24T00:00:00.0"}
{"timestamp":"2026-07-20T05:29:51.991","model_name":"ED","status":"done","step":121,"name":"ProblemExecutionEvent","simulation_time":"2019-03-24T00:00:00.0"}
{"timestamp":"2026-07-20T05:29:51.991","status":"done","step":121,"name":"SimulationStepEvent","simulation_time":"2019-03-24T00:00:00.0"}
{"timestamp":"2026-07-20T05:29:51.991","status":"start","step":122,"name":"SimulationStepEvent","simulation_time":"2019-03-24T00:00:00.0"}
{"timestamp":"2026-07-20T05:29:51.991","model_name":"ED","status":"start","step":122,"name":"ProblemExecutionEvent","simulation_time":"2019-03-24T01:00:00.0"}
{"timestamp":"2026-07-20T05:29:52.09","model_name":"ED","status":"done","step":122,"name":"ProblemExecutionEvent","simulation_time":"2019-03-24T01:00:00.0"}
{"timestamp":"2026-07-20T05:29:52.09","status":"done","step":122,"name":"SimulationStepEvent","simulation_time":"2019-03-24T01:00:00.0"}
{"timestamp":"2026-07-20T05:29:52.09","status":"start","step":123,"name":"SimulationStepEvent","simulation_time":"2019-03-24T01:00:00.0"}
{"timestamp":"2026-07-20T05:29:52.09","model_name":"ED","status":"start","step":123,"name":"ProblemExecutionEvent","simulation_time":"2019-03-24T02:00:00.0"}
{"timestamp":"2026-07-20T05:29:52.185","model_name":"ED","status":"done","step":123,"name":"ProblemExecutionEvent","simulation_time":"2019-03-24T02:00:00.0"}
{"timestamp":"2026-07-20T05:29:52.185","status":"done","step":123,"name":"SimulationStepEvent","simulation_time":"2019-03-24T02:00:00.0"}
{"timestamp":"2026-07-20T05:29:52.185","status":"start","step":124,"name":"SimulationStepEvent","simulation_time":"2019-03-24T02:00:00.0"}
{"timestamp":"2026-07-20T05:29:52.185","model_name":"ED","status":"start","step":124,"name":"ProblemExecutionEvent","simulation_time":"2019-03-24T03:00:00.0"}
{"timestamp":"2026-07-20T05:29:52.282","model_name":"ED","status":"done","step":124,"name":"ProblemExecutionEvent","simulation_time":"2019-03-24T03:00:00.0"}
{"timestamp":"2026-07-20T05:29:52.282","status":"done","step":124,"name":"SimulationStepEvent","simulation_time":"2019-03-24T03:00:00.0"}
{"timestamp":"2026-07-20T05:29:52.282","status":"start","step":125,"name":"SimulationStepEvent","simulation_time":"2019-03-24T03:00:00.0"}
{"timestamp":"2026-07-20T05:29:52.282","model_name":"ED","status":"start","step":125,"name":"ProblemExecutionEvent","simulation_time":"2019-03-24T04:00:00.0"}
{"timestamp":"2026-07-20T05:29:52.418","model_name":"ED","status":"done","step":125,"name":"ProblemExecutionEvent","simulation_time":"2019-03-24T04:00:00.0"}
{"timestamp":"2026-07-20T05:29:52.418","status":"done","step":125,"name":"SimulationStepEvent","simulation_time":"2019-03-24T04:00:00.0"}
{"timestamp":"2026-07-20T05:29:52.418","status":"start","step":126,"name":"SimulationStepEvent","simulation_time":"2019-03-24T04:00:00.0"}
{"timestamp":"2026-07-20T05:29:52.418","model_name":"ED","status":"start","step":126,"name":"ProblemExecutionEvent","simulation_time":"2019-03-24T05:00:00.0"}
{"timestamp":"2026-07-20T05:29:52.515","model_name":"ED","status":"done","step":126,"name":"ProblemExecutionEvent","simulation_time":"2019-03-24T05:00:00.0"}
{"timestamp":"2026-07-20T05:29:52.515","status":"done","step":126,"name":"SimulationStepEvent","simulation_time":"2019-03-24T05:00:00.0"}
{"timestamp":"2026-07-20T05:29:52.515","status":"start","step":127,"name":"SimulationStepEvent","simulation_time":"2019-03-24T05:00:00.0"}
{"timestamp":"2026-07-20T05:29:52.515","model_name":"ED","status":"start","step":127,"name":"ProblemExecutionEvent","simulation_time":"2019-03-24T06:00:00.0"}
{"timestamp":"2026-07-20T05:29:52.61","model_name":"ED","status":"done","step":127,"name":"ProblemExecutionEvent","simulation_time":"2019-03-24T06:00:00.0"}
{"timestamp":"2026-07-20T05:29:52.611","status":"done","step":127,"name":"SimulationStepEvent","simulation_time":"2019-03-24T06:00:00.0"}
{"timestamp":"2026-07-20T05:29:52.611","status":"start","step":128,"name":"SimulationStepEvent","simulation_time":"2019-03-24T06:00:00.0"}
{"timestamp":"2026-07-20T05:29:52.611","model_name":"ED","status":"start","step":128,"name":"ProblemExecutionEvent","simulation_time":"2019-03-24T07:00:00.0"}
{"timestamp":"2026-07-20T05:29:52.709","model_name":"ED","status":"done","step":128,"name":"ProblemExecutionEvent","simulation_time":"2019-03-24T07:00:00.0"}
{"timestamp":"2026-07-20T05:29:52.709","status":"done","step":128,"name":"SimulationStepEvent","simulation_time":"2019-03-24T07:00:00.0"}
{"timestamp":"2026-07-20T05:29:52.709","status":"start","step":129,"name":"SimulationStepEvent","simulation_time":"2019-03-24T07:00:00.0"}
{"timestamp":"2026-07-20T05:29:52.709","model_name":"ED","status":"start","step":129,"name":"ProblemExecutionEvent","simulation_time":"2019-03-24T08:00:00.0"}
{"timestamp":"2026-07-20T05:29:52.803","model_name":"ED","status":"done","step":129,"name":"ProblemExecutionEvent","simulation_time":"2019-03-24T08:00:00.0"}
{"timestamp":"2026-07-20T05:29:52.803","status":"done","step":129,"name":"SimulationStepEvent","simulation_time":"2019-03-24T08:00:00.0"}
{"timestamp":"2026-07-20T05:29:52.803","status":"start","step":130,"name":"SimulationStepEvent","simulation_time":"2019-03-24T08:00:00.0"}
{"timestamp":"2026-07-20T05:29:52.803","model_name":"ED","status":"start","step":130,"name":"ProblemExecutionEvent","simulation_time":"2019-03-24T09:00:00.0"}
{"timestamp":"2026-07-20T05:29:52.901","model_name":"ED","status":"done","step":130,"name":"ProblemExecutionEvent","simulation_time":"2019-03-24T09:00:00.0"}
{"timestamp":"2026-07-20T05:29:52.901","status":"done","step":130,"name":"SimulationStepEvent","simulation_time":"2019-03-24T09:00:00.0"}
{"timestamp":"2026-07-20T05:29:52.901","status":"start","step":131,"name":"SimulationStepEvent","simulation_time":"2019-03-24T09:00:00.0"}
{"timestamp":"2026-07-20T05:29:52.901","model_name":"ED","status":"start","step":131,"name":"ProblemExecutionEvent","simulation_time":"2019-03-24T10:00:00.0"}
{"timestamp":"2026-07-20T05:29:52.996","model_name":"ED","status":"done","step":131,"name":"ProblemExecutionEvent","simulation_time":"2019-03-24T10:00:00.0"}
{"timestamp":"2026-07-20T05:29:52.996","status":"done","step":131,"name":"SimulationStepEvent","simulation_time":"2019-03-24T10:00:00.0"}
{"timestamp":"2026-07-20T05:29:52.997","status":"start","step":132,"name":"SimulationStepEvent","simulation_time":"2019-03-24T10:00:00.0"}
{"timestamp":"2026-07-20T05:29:52.997","model_name":"ED","status":"start","step":132,"name":"ProblemExecutionEvent","simulation_time":"2019-03-24T11:00:00.0"}
{"timestamp":"2026-07-20T05:29:53.094","model_name":"ED","status":"done","step":132,"name":"ProblemExecutionEvent","simulation_time":"2019-03-24T11:00:00.0"}
{"timestamp":"2026-07-20T05:29:53.095","status":"done","step":132,"name":"SimulationStepEvent","simulation_time":"2019-03-24T11:00:00.0"}
{"timestamp":"2026-07-20T05:29:53.095","status":"start","step":133,"name":"SimulationStepEvent","simulation_time":"2019-03-24T11:00:00.0"}
{"timestamp":"2026-07-20T05:29:53.095","model_name":"ED","status":"start","step":133,"name":"ProblemExecutionEvent","simulation_time":"2019-03-24T12:00:00.0"}
{"timestamp":"2026-07-20T05:29:53.189","model_name":"ED","status":"done","step":133,"name":"ProblemExecutionEvent","simulation_time":"2019-03-24T12:00:00.0"}
{"timestamp":"2026-07-20T05:29:53.189","status":"done","step":133,"name":"SimulationStepEvent","simulation_time":"2019-03-24T12:00:00.0"}
{"timestamp":"2026-07-20T05:29:53.189","status":"start","step":134,"name":"SimulationStepEvent","simulation_time":"2019-03-24T12:00:00.0"}
{"timestamp":"2026-07-20T05:29:53.189","model_name":"ED","status":"start","step":134,"name":"ProblemExecutionEvent","simulation_time":"2019-03-24T13:00:00.0"}
{"timestamp":"2026-07-20T05:29:53.326","model_name":"ED","status":"done","step":134,"name":"ProblemExecutionEvent","simulation_time":"2019-03-24T13:00:00.0"}
{"timestamp":"2026-07-20T05:29:53.326","status":"done","step":134,"name":"SimulationStepEvent","simulation_time":"2019-03-24T13:00:00.0"}
{"timestamp":"2026-07-20T05:29:53.326","status":"start","step":135,"name":"SimulationStepEvent","simulation_time":"2019-03-24T13:00:00.0"}
{"timestamp":"2026-07-20T05:29:53.326","model_name":"ED","status":"start","step":135,"name":"ProblemExecutionEvent","simulation_time":"2019-03-24T14:00:00.0"}
{"timestamp":"2026-07-20T05:29:53.423","model_name":"ED","status":"done","step":135,"name":"ProblemExecutionEvent","simulation_time":"2019-03-24T14:00:00.0"}
{"timestamp":"2026-07-20T05:29:53.423","status":"done","step":135,"name":"SimulationStepEvent","simulation_time":"2019-03-24T14:00:00.0"}
{"timestamp":"2026-07-20T05:29:53.423","status":"start","step":136,"name":"SimulationStepEvent","simulation_time":"2019-03-24T14:00:00.0"}
{"timestamp":"2026-07-20T05:29:53.423","model_name":"ED","status":"start","step":136,"name":"ProblemExecutionEvent","simulation_time":"2019-03-24T15:00:00.0"}
{"timestamp":"2026-07-20T05:29:53.518","model_name":"ED","status":"done","step":136,"name":"ProblemExecutionEvent","simulation_time":"2019-03-24T15:00:00.0"}
{"timestamp":"2026-07-20T05:29:53.518","status":"done","step":136,"name":"SimulationStepEvent","simulation_time":"2019-03-24T15:00:00.0"}
{"timestamp":"2026-07-20T05:29:53.518","status":"start","step":137,"name":"SimulationStepEvent","simulation_time":"2019-03-24T15:00:00.0"}
{"timestamp":"2026-07-20T05:29:53.518","model_name":"ED","status":"start","step":137,"name":"ProblemExecutionEvent","simulation_time":"2019-03-24T16:00:00.0"}
{"timestamp":"2026-07-20T05:29:53.617","model_name":"ED","status":"done","step":137,"name":"ProblemExecutionEvent","simulation_time":"2019-03-24T16:00:00.0"}
{"timestamp":"2026-07-20T05:29:53.617","status":"done","step":137,"name":"SimulationStepEvent","simulation_time":"2019-03-24T16:00:00.0"}
{"timestamp":"2026-07-20T05:29:53.617","status":"start","step":138,"name":"SimulationStepEvent","simulation_time":"2019-03-24T16:00:00.0"}
{"timestamp":"2026-07-20T05:29:53.617","model_name":"ED","status":"start","step":138,"name":"ProblemExecutionEvent","simulation_time":"2019-03-24T17:00:00.0"}
{"timestamp":"2026-07-20T05:29:53.713","model_name":"ED","status":"done","step":138,"name":"ProblemExecutionEvent","simulation_time":"2019-03-24T17:00:00.0"}
{"timestamp":"2026-07-20T05:29:53.713","status":"done","step":138,"name":"SimulationStepEvent","simulation_time":"2019-03-24T17:00:00.0"}
{"timestamp":"2026-07-20T05:29:53.713","status":"start","step":139,"name":"SimulationStepEvent","simulation_time":"2019-03-24T17:00:00.0"}
{"timestamp":"2026-07-20T05:29:53.713","model_name":"ED","status":"start","step":139,"name":"ProblemExecutionEvent","simulation_time":"2019-03-24T18:00:00.0"}
{"timestamp":"2026-07-20T05:29:53.813","model_name":"ED","status":"done","step":139,"name":"ProblemExecutionEvent","simulation_time":"2019-03-24T18:00:00.0"}
{"timestamp":"2026-07-20T05:29:53.813","status":"done","step":139,"name":"SimulationStepEvent","simulation_time":"2019-03-24T18:00:00.0"}
{"timestamp":"2026-07-20T05:29:53.813","status":"start","step":140,"name":"SimulationStepEvent","simulation_time":"2019-03-24T18:00:00.0"}
{"timestamp":"2026-07-20T05:29:53.813","model_name":"ED","status":"start","step":140,"name":"ProblemExecutionEvent","simulation_time":"2019-03-24T19:00:00.0"}
{"timestamp":"2026-07-20T05:29:53.912","model_name":"ED","status":"done","step":140,"name":"ProblemExecutionEvent","simulation_time":"2019-03-24T19:00:00.0"}
{"timestamp":"2026-07-20T05:29:53.912","status":"done","step":140,"name":"SimulationStepEvent","simulation_time":"2019-03-24T19:00:00.0"}
{"timestamp":"2026-07-20T05:29:53.912","status":"start","step":141,"name":"SimulationStepEvent","simulation_time":"2019-03-24T19:00:00.0"}
{"timestamp":"2026-07-20T05:29:53.912","model_name":"ED","status":"start","step":141,"name":"ProblemExecutionEvent","simulation_time":"2019-03-24T20:00:00.0"}
{"timestamp":"2026-07-20T05:29:54.014","model_name":"ED","status":"done","step":141,"name":"ProblemExecutionEvent","simulation_time":"2019-03-24T20:00:00.0"}
{"timestamp":"2026-07-20T05:29:54.014","status":"done","step":141,"name":"SimulationStepEvent","simulation_time":"2019-03-24T20:00:00.0"}
{"timestamp":"2026-07-20T05:29:54.014","status":"start","step":142,"name":"SimulationStepEvent","simulation_time":"2019-03-24T20:00:00.0"}
{"timestamp":"2026-07-20T05:29:54.014","model_name":"ED","status":"start","step":142,"name":"ProblemExecutionEvent","simulation_time":"2019-03-24T21:00:00.0"}
{"timestamp":"2026-07-20T05:29:54.158","model_name":"ED","status":"done","step":142,"name":"ProblemExecutionEvent","simulation_time":"2019-03-24T21:00:00.0"}
{"timestamp":"2026-07-20T05:29:54.158","status":"done","step":142,"name":"SimulationStepEvent","simulation_time":"2019-03-24T21:00:00.0"}
{"timestamp":"2026-07-20T05:29:54.158","status":"start","step":143,"name":"SimulationStepEvent","simulation_time":"2019-03-24T21:00:00.0"}
{"timestamp":"2026-07-20T05:29:54.158","model_name":"ED","status":"start","step":143,"name":"ProblemExecutionEvent","simulation_time":"2019-03-24T22:00:00.0"}
{"timestamp":"2026-07-20T05:29:54.254","model_name":"ED","status":"done","step":143,"name":"ProblemExecutionEvent","simulation_time":"2019-03-24T22:00:00.0"}
{"timestamp":"2026-07-20T05:29:54.255","status":"done","step":143,"name":"SimulationStepEvent","simulation_time":"2019-03-24T22:00:00.0"}
{"timestamp":"2026-07-20T05:29:54.255","status":"start","step":144,"name":"SimulationStepEvent","simulation_time":"2019-03-24T22:00:00.0"}
{"timestamp":"2026-07-20T05:29:54.255","model_name":"ED","status":"start","step":144,"name":"ProblemExecutionEvent","simulation_time":"2019-03-24T23:00:00.0"}
{"timestamp":"2026-07-20T05:29:54.354","model_name":"ED","status":"done","step":144,"name":"ProblemExecutionEvent","simulation_time":"2019-03-24T23:00:00.0"}
{"timestamp":"2026-07-20T05:29:54.354","status":"done","step":144,"name":"SimulationStepEvent","simulation_time":"2019-03-24T23:00:00.0"}
{"timestamp":"2026-07-20T05:29:54.354","status":"start","step":145,"name":"SimulationStepEvent","simulation_time":"2019-03-24T23:00:00.0"}
{"timestamp":"2026-07-20T05:29:54.354","model_name":"ED","status":"start","step":145,"name":"ProblemExecutionEvent","simulation_time":"2019-03-25T00:00:00.0"}
{"timestamp":"2026-07-20T05:29:54.452","model_name":"ED","status":"done","step":145,"name":"ProblemExecutionEvent","simulation_time":"2019-03-25T00:00:00.0"}
{"timestamp":"2026-07-20T05:29:54.452","status":"done","step":145,"name":"SimulationStepEvent","simulation_time":"2019-03-25T00:00:00.0"}
{"timestamp":"2026-07-20T05:29:54.452","status":"start","step":146,"name":"SimulationStepEvent","simulation_time":"2019-03-25T00:00:00.0"}
{"timestamp":"2026-07-20T05:29:54.452","model_name":"ED","status":"start","step":146,"name":"ProblemExecutionEvent","simulation_time":"2019-03-25T01:00:00.0"}
{"timestamp":"2026-07-20T05:29:54.547","model_name":"ED","status":"done","step":146,"name":"ProblemExecutionEvent","simulation_time":"2019-03-25T01:00:00.0"}
{"timestamp":"2026-07-20T05:29:54.547","status":"done","step":146,"name":"SimulationStepEvent","simulation_time":"2019-03-25T01:00:00.0"}
{"timestamp":"2026-07-20T05:29:54.547","status":"start","step":147,"name":"SimulationStepEvent","simulation_time":"2019-03-25T01:00:00.0"}
{"timestamp":"2026-07-20T05:29:54.547","model_name":"ED","status":"start","step":147,"name":"ProblemExecutionEvent","simulation_time":"2019-03-25T02:00:00.0"}
{"timestamp":"2026-07-20T05:29:54.696","model_name":"ED","status":"done","step":147,"name":"ProblemExecutionEvent","simulation_time":"2019-03-25T02:00:00.0"}
{"timestamp":"2026-07-20T05:29:54.696","status":"done","step":147,"name":"SimulationStepEvent","simulation_time":"2019-03-25T02:00:00.0"}
{"timestamp":"2026-07-20T05:29:54.696","status":"start","step":148,"name":"SimulationStepEvent","simulation_time":"2019-03-25T02:00:00.0"}
{"timestamp":"2026-07-20T05:29:54.696","model_name":"ED","status":"start","step":148,"name":"ProblemExecutionEvent","simulation_time":"2019-03-25T03:00:00.0"}
{"timestamp":"2026-07-20T05:29:54.796","model_name":"ED","status":"done","step":148,"name":"ProblemExecutionEvent","simulation_time":"2019-03-25T03:00:00.0"}
{"timestamp":"2026-07-20T05:29:54.796","status":"done","step":148,"name":"SimulationStepEvent","simulation_time":"2019-03-25T03:00:00.0"}
{"timestamp":"2026-07-20T05:29:54.796","status":"start","step":149,"name":"SimulationStepEvent","simulation_time":"2019-03-25T03:00:00.0"}
{"timestamp":"2026-07-20T05:29:54.796","model_name":"ED","status":"start","step":149,"name":"ProblemExecutionEvent","simulation_time":"2019-03-25T04:00:00.0"}
{"timestamp":"2026-07-20T05:29:54.894","model_name":"ED","status":"done","step":149,"name":"ProblemExecutionEvent","simulation_time":"2019-03-25T04:00:00.0"}
{"timestamp":"2026-07-20T05:29:54.894","status":"done","step":149,"name":"SimulationStepEvent","simulation_time":"2019-03-25T04:00:00.0"}
{"timestamp":"2026-07-20T05:29:54.894","status":"start","step":150,"name":"SimulationStepEvent","simulation_time":"2019-03-25T04:00:00.0"}
{"timestamp":"2026-07-20T05:29:54.894","model_name":"ED","status":"start","step":150,"name":"ProblemExecutionEvent","simulation_time":"2019-03-25T05:00:00.0"}
{"timestamp":"2026-07-20T05:29:55.038","model_name":"ED","status":"done","step":150,"name":"ProblemExecutionEvent","simulation_time":"2019-03-25T05:00:00.0"}
{"timestamp":"2026-07-20T05:29:55.038","status":"done","step":150,"name":"SimulationStepEvent","simulation_time":"2019-03-25T05:00:00.0"}
{"timestamp":"2026-07-20T05:29:55.038","status":"start","step":151,"name":"SimulationStepEvent","simulation_time":"2019-03-25T05:00:00.0"}
{"timestamp":"2026-07-20T05:29:55.038","model_name":"ED","status":"start","step":151,"name":"ProblemExecutionEvent","simulation_time":"2019-03-25T06:00:00.0"}
{"timestamp":"2026-07-20T05:29:55.14","model_name":"ED","status":"done","step":151,"name":"ProblemExecutionEvent","simulation_time":"2019-03-25T06:00:00.0"}
{"timestamp":"2026-07-20T05:29:55.141","status":"done","step":151,"name":"SimulationStepEvent","simulation_time":"2019-03-25T06:00:00.0"}
{"timestamp":"2026-07-20T05:29:55.141","status":"start","step":152,"name":"SimulationStepEvent","simulation_time":"2019-03-25T06:00:00.0"}
{"timestamp":"2026-07-20T05:29:55.141","model_name":"ED","status":"start","step":152,"name":"ProblemExecutionEvent","simulation_time":"2019-03-25T07:00:00.0"}
{"timestamp":"2026-07-20T05:29:55.239","model_name":"ED","status":"done","step":152,"name":"ProblemExecutionEvent","simulation_time":"2019-03-25T07:00:00.0"}
{"timestamp":"2026-07-20T05:29:55.239","status":"done","step":152,"name":"SimulationStepEvent","simulation_time":"2019-03-25T07:00:00.0"}
{"timestamp":"2026-07-20T05:29:55.239","status":"start","step":153,"name":"SimulationStepEvent","simulation_time":"2019-03-25T07:00:00.0"}
{"timestamp":"2026-07-20T05:29:55.239","model_name":"ED","status":"start","step":153,"name":"ProblemExecutionEvent","simulation_time":"2019-03-25T08:00:00.0"}
{"timestamp":"2026-07-20T05:29:55.333","model_name":"ED","status":"done","step":153,"name":"ProblemExecutionEvent","simulation_time":"2019-03-25T08:00:00.0"}
{"timestamp":"2026-07-20T05:29:55.333","status":"done","step":153,"name":"SimulationStepEvent","simulation_time":"2019-03-25T08:00:00.0"}
{"timestamp":"2026-07-20T05:29:55.333","status":"start","step":154,"name":"SimulationStepEvent","simulation_time":"2019-03-25T08:00:00.0"}
{"timestamp":"2026-07-20T05:29:55.333","model_name":"ED","status":"start","step":154,"name":"ProblemExecutionEvent","simulation_time":"2019-03-25T09:00:00.0"}
{"timestamp":"2026-07-20T05:29:55.43","model_name":"ED","status":"done","step":154,"name":"ProblemExecutionEvent","simulation_time":"2019-03-25T09:00:00.0"}
{"timestamp":"2026-07-20T05:29:55.43","status":"done","step":154,"name":"SimulationStepEvent","simulation_time":"2019-03-25T09:00:00.0"}
{"timestamp":"2026-07-20T05:29:55.43","status":"start","step":155,"name":"SimulationStepEvent","simulation_time":"2019-03-25T09:00:00.0"}
{"timestamp":"2026-07-20T05:29:55.43","model_name":"ED","status":"start","step":155,"name":"ProblemExecutionEvent","simulation_time":"2019-03-25T10:00:00.0"}
{"timestamp":"2026-07-20T05:29:55.571","model_name":"ED","status":"done","step":155,"name":"ProblemExecutionEvent","simulation_time":"2019-03-25T10:00:00.0"}
{"timestamp":"2026-07-20T05:29:55.571","status":"done","step":155,"name":"SimulationStepEvent","simulation_time":"2019-03-25T10:00:00.0"}
{"timestamp":"2026-07-20T05:29:55.571","status":"start","step":156,"name":"SimulationStepEvent","simulation_time":"2019-03-25T10:00:00.0"}
{"timestamp":"2026-07-20T05:29:55.571","model_name":"ED","status":"start","step":156,"name":"ProblemExecutionEvent","simulation_time":"2019-03-25T11:00:00.0"}
{"timestamp":"2026-07-20T05:29:55.668","model_name":"ED","status":"done","step":156,"name":"ProblemExecutionEvent","simulation_time":"2019-03-25T11:00:00.0"}
{"timestamp":"2026-07-20T05:29:55.668","status":"done","step":156,"name":"SimulationStepEvent","simulation_time":"2019-03-25T11:00:00.0"}
{"timestamp":"2026-07-20T05:29:55.668","status":"start","step":157,"name":"SimulationStepEvent","simulation_time":"2019-03-25T11:00:00.0"}
{"timestamp":"2026-07-20T05:29:55.668","model_name":"ED","status":"start","step":157,"name":"ProblemExecutionEvent","simulation_time":"2019-03-25T12:00:00.0"}
{"timestamp":"2026-07-20T05:29:55.763","model_name":"ED","status":"done","step":157,"name":"ProblemExecutionEvent","simulation_time":"2019-03-25T12:00:00.0"}
{"timestamp":"2026-07-20T05:29:55.763","status":"done","step":157,"name":"SimulationStepEvent","simulation_time":"2019-03-25T12:00:00.0"}
{"timestamp":"2026-07-20T05:29:55.763","status":"start","step":158,"name":"SimulationStepEvent","simulation_time":"2019-03-25T12:00:00.0"}
{"timestamp":"2026-07-20T05:29:55.763","model_name":"ED","status":"start","step":158,"name":"ProblemExecutionEvent","simulation_time":"2019-03-25T13:00:00.0"}
{"timestamp":"2026-07-20T05:29:55.892","model_name":"ED","status":"done","step":158,"name":"ProblemExecutionEvent","simulation_time":"2019-03-25T13:00:00.0"}
{"timestamp":"2026-07-20T05:29:55.892","status":"done","step":158,"name":"SimulationStepEvent","simulation_time":"2019-03-25T13:00:00.0"}
{"timestamp":"2026-07-20T05:29:55.892","status":"start","step":159,"name":"SimulationStepEvent","simulation_time":"2019-03-25T13:00:00.0"}
{"timestamp":"2026-07-20T05:29:55.892","model_name":"ED","status":"start","step":159,"name":"ProblemExecutionEvent","simulation_time":"2019-03-25T14:00:00.0"}
{"timestamp":"2026-07-20T05:29:55.989","model_name":"ED","status":"done","step":159,"name":"ProblemExecutionEvent","simulation_time":"2019-03-25T14:00:00.0"}
{"timestamp":"2026-07-20T05:29:55.989","status":"done","step":159,"name":"SimulationStepEvent","simulation_time":"2019-03-25T14:00:00.0"}
{"timestamp":"2026-07-20T05:29:55.989","status":"start","step":160,"name":"SimulationStepEvent","simulation_time":"2019-03-25T14:00:00.0"}
{"timestamp":"2026-07-20T05:29:55.989","model_name":"ED","status":"start","step":160,"name":"ProblemExecutionEvent","simulation_time":"2019-03-25T15:00:00.0"}
{"timestamp":"2026-07-20T05:29:56.084","model_name":"ED","status":"done","step":160,"name":"ProblemExecutionEvent","simulation_time":"2019-03-25T15:00:00.0"}
{"timestamp":"2026-07-20T05:29:56.084","status":"done","step":160,"name":"SimulationStepEvent","simulation_time":"2019-03-25T15:00:00.0"}
{"timestamp":"2026-07-20T05:29:56.084","status":"start","step":161,"name":"SimulationStepEvent","simulation_time":"2019-03-25T15:00:00.0"}
{"timestamp":"2026-07-20T05:29:56.084","model_name":"ED","status":"start","step":161,"name":"ProblemExecutionEvent","simulation_time":"2019-03-25T16:00:00.0"}
{"timestamp":"2026-07-20T05:29:56.182","model_name":"ED","status":"done","step":161,"name":"ProblemExecutionEvent","simulation_time":"2019-03-25T16:00:00.0"}
{"timestamp":"2026-07-20T05:29:56.182","status":"done","step":161,"name":"SimulationStepEvent","simulation_time":"2019-03-25T16:00:00.0"}
{"timestamp":"2026-07-20T05:29:56.182","status":"start","step":162,"name":"SimulationStepEvent","simulation_time":"2019-03-25T16:00:00.0"}
{"timestamp":"2026-07-20T05:29:56.182","model_name":"ED","status":"start","step":162,"name":"ProblemExecutionEvent","simulation_time":"2019-03-25T17:00:00.0"}
{"timestamp":"2026-07-20T05:29:56.282","model_name":"ED","status":"done","step":162,"name":"ProblemExecutionEvent","simulation_time":"2019-03-25T17:00:00.0"}
{"timestamp":"2026-07-20T05:29:56.282","status":"done","step":162,"name":"SimulationStepEvent","simulation_time":"2019-03-25T17:00:00.0"}
{"timestamp":"2026-07-20T05:29:56.282","status":"start","step":163,"name":"SimulationStepEvent","simulation_time":"2019-03-25T17:00:00.0"}
{"timestamp":"2026-07-20T05:29:56.282","model_name":"ED","status":"start","step":163,"name":"ProblemExecutionEvent","simulation_time":"2019-03-25T18:00:00.0"}
{"timestamp":"2026-07-20T05:29:56.383","model_name":"ED","status":"done","step":163,"name":"ProblemExecutionEvent","simulation_time":"2019-03-25T18:00:00.0"}
{"timestamp":"2026-07-20T05:29:56.383","status":"done","step":163,"name":"SimulationStepEvent","simulation_time":"2019-03-25T18:00:00.0"}
{"timestamp":"2026-07-20T05:29:56.383","status":"start","step":164,"name":"SimulationStepEvent","simulation_time":"2019-03-25T18:00:00.0"}
{"timestamp":"2026-07-20T05:29:56.383","model_name":"ED","status":"start","step":164,"name":"ProblemExecutionEvent","simulation_time":"2019-03-25T19:00:00.0"}
{"timestamp":"2026-07-20T05:29:56.481","model_name":"ED","status":"done","step":164,"name":"ProblemExecutionEvent","simulation_time":"2019-03-25T19:00:00.0"}
{"timestamp":"2026-07-20T05:29:56.481","status":"done","step":164,"name":"SimulationStepEvent","simulation_time":"2019-03-25T19:00:00.0"}
{"timestamp":"2026-07-20T05:29:56.481","status":"start","step":165,"name":"SimulationStepEvent","simulation_time":"2019-03-25T19:00:00.0"}
{"timestamp":"2026-07-20T05:29:56.481","model_name":"ED","status":"start","step":165,"name":"ProblemExecutionEvent","simulation_time":"2019-03-25T20:00:00.0"}
{"timestamp":"2026-07-20T05:29:56.582","model_name":"ED","status":"done","step":165,"name":"ProblemExecutionEvent","simulation_time":"2019-03-25T20:00:00.0"}
{"timestamp":"2026-07-20T05:29:56.582","status":"done","step":165,"name":"SimulationStepEvent","simulation_time":"2019-03-25T20:00:00.0"}
{"timestamp":"2026-07-20T05:29:56.582","status":"start","step":166,"name":"SimulationStepEvent","simulation_time":"2019-03-25T20:00:00.0"}
{"timestamp":"2026-07-20T05:29:56.582","model_name":"ED","status":"start","step":166,"name":"ProblemExecutionEvent","simulation_time":"2019-03-25T21:00:00.0"}
{"timestamp":"2026-07-20T05:29:56.72","model_name":"ED","status":"done","step":166,"name":"ProblemExecutionEvent","simulation_time":"2019-03-25T21:00:00.0"}
{"timestamp":"2026-07-20T05:29:56.72","status":"done","step":166,"name":"SimulationStepEvent","simulation_time":"2019-03-25T21:00:00.0"}
{"timestamp":"2026-07-20T05:29:56.72","status":"start","step":167,"name":"SimulationStepEvent","simulation_time":"2019-03-25T21:00:00.0"}
{"timestamp":"2026-07-20T05:29:56.72","model_name":"ED","status":"start","step":167,"name":"ProblemExecutionEvent","simulation_time":"2019-03-25T22:00:00.0"}
{"timestamp":"2026-07-20T05:29:56.823","model_name":"ED","status":"done","step":167,"name":"ProblemExecutionEvent","simulation_time":"2019-03-25T22:00:00.0"}
{"timestamp":"2026-07-20T05:29:56.823","status":"done","step":167,"name":"SimulationStepEvent","simulation_time":"2019-03-25T22:00:00.0"}
{"timestamp":"2026-07-20T05:29:56.823","status":"start","step":168,"name":"SimulationStepEvent","simulation_time":"2019-03-25T22:00:00.0"}
{"timestamp":"2026-07-20T05:29:56.823","model_name":"ED","status":"start","step":168,"name":"ProblemExecutionEvent","simulation_time":"2019-03-25T23:00:00.0"}
{"timestamp":"2026-07-20T05:29:56.929","model_name":"ED","status":"done","step":168,"name":"ProblemExecutionEvent","simulation_time":"2019-03-25T23:00:00.0"}
{"timestamp":"2026-07-20T05:29:56.929","status":"done","step":168,"name":"SimulationStepEvent","simulation_time":"2019-03-25T23:00:00.0"}
